Copyright 1986-2020 Xilinx, Inc. All Rights Reserved.
-------------------------------------------------------------------------------------
| Tool Version : Vivado v.2020.1 (win64) Build 2902540 Wed May 27 19:54:49 MDT 2020
| Date         : Sun Dec 17 04:00:51 2023
| Host         : LAPTOP-D5M397KF running 64-bit major release  (build 9200)
| Command      : report_clock_utilization -file display_clock_utilization_routed.rpt
| Design       : display
| Device       : 7a35t-cpg236
| Speed File   : -1  PRODUCTION 1.23 2018-06-13
| Design State : Routed
-------------------------------------------------------------------------------------

Clock Utilization Report

Table of Contents
-----------------
1. Clock Primitive Utilization
2. Global Clock Resources
3. Global Clock Source Details
4. Local Clock Details
5. Clock Regions: Key Resource Utilization
6. Clock Regions : Global Clock Summary
7. Device Cell Placement Summary for Global Clock g0
8. Device Cell Placement Summary for Global Clock g1
9. Device Cell Placement Summary for Global Clock g2
10. Device Cell Placement Summary for Global Clock g3
11. Clock Region Cell Placement per Global Clock: Region X0Y0
12. Clock Region Cell Placement per Global Clock: Region X1Y0
13. Clock Region Cell Placement per Global Clock: Region X0Y1
14. Clock Region Cell Placement per Global Clock: Region X1Y1
15. Clock Region Cell Placement per Global Clock: Region X0Y2
16. Clock Region Cell Placement per Global Clock: Region X1Y2

1. Clock Primitive Utilization
------------------------------

+----------+------+-----------+-----+--------------+--------+
| Type     | Used | Available | LOC | Clock Region | Pblock |
+----------+------+-----------+-----+--------------+--------+
| BUFGCTRL |    4 |        32 |   0 |            0 |      0 |
| BUFH     |    0 |        72 |   0 |            0 |      0 |
| BUFIO    |    0 |        20 |   0 |            0 |      0 |
| BUFMR    |    0 |        10 |   0 |            0 |      0 |
| BUFR     |    0 |        20 |   0 |            0 |      0 |
| MMCM     |    0 |         5 |   0 |            0 |      0 |
| PLL      |    0 |         5 |   0 |            0 |      0 |
+----------+------+-----------+-----+--------------+--------+


2. Global Clock Resources
-------------------------

+-----------+-----------+-----------------+------------+---------------+--------------+-------------------+-------------+-----------------+--------------+-------------+--------------------------+-------------------+
| Global Id | Source Id | Driver Type/Pin | Constraint | Site          | Clock Region | Load Clock Region | Clock Loads | Non-Clock Loads | Clock Period | Clock       | Driver Pin               | Net               |
+-----------+-----------+-----------------+------------+---------------+--------------+-------------------+-------------+-----------------+--------------+-------------+--------------------------+-------------------+
| g0        | src0      | BUFG/O          | None       | BUFGCTRL_X0Y0 | n/a          |                 4 |         297 |               1 |              |             | v_sync_OBUF_BUFG_inst/O  | v_sync_OBUF_BUFG  |
| g1        | src1      | BUFG/O          | None       | BUFGCTRL_X0Y2 | n/a          |                 4 |         248 |               0 |              |             | moverFlag_BUFG[1]_inst/O | moverFlag_BUFG[1] |
| g2        | src2      | BUFG/O          | None       | BUFGCTRL_X0Y1 | n/a          |                 5 |         190 |               0 |       10.000 | sys_clk_pin | clk_IBUF_BUFG_inst/O     | clk_IBUF_BUFG     |
| g3        | src3      | BUFG/O          | None       | BUFGCTRL_X0Y3 | n/a          |                 4 |         101 |               0 |              |             | clk_d_BUFG_inst/O        | clk_d_BUFG        |
+-----------+-----------+-----------------+------------+---------------+--------------+-------------------+-------------+-----------------+--------------+-------------+--------------------------+-------------------+
* Clock Loads column represents the clock pin loads (pin count)
** Non-Clock Loads column represents the non-clock pin loads (pin count)


3. Global Clock Source Details
------------------------------

+-----------+-----------+-----------------+------------+--------------+--------------+-------------+-----------------+---------------------+--------------+--------------------------------+-----------------------+
| Source Id | Global Id | Driver Type/Pin | Constraint | Site         | Clock Region | Clock Loads | Non-Clock Loads | Source Clock Period | Source Clock | Driver Pin                     | Net                   |
+-----------+-----------+-----------------+------------+--------------+--------------+-------------+-----------------+---------------------+--------------+--------------------------------+-----------------------+
| src0      | g0        | LUT6/O          | None       | SLICE_X36Y47 | X1Y0         |           1 |               2 |                     |              | u3/v_sync_OBUF_BUFG_inst_i_1/O | u3/v_sync_OBUF        |
| src1      | g1        | FDRE/Q          | None       | SLICE_X37Y44 | X1Y0         |           1 |               2 |                     |              | CR/cr_mc/nextFlag_reg[1]/Q     | CR/cr_mc/moverFlag[1] |
| src2      | g2        | IBUF/O          | IOB_X1Y26  | IOB_X1Y26    | X1Y0         |           1 |               0 |              10.000 | sys_clk_pin  | clk_IBUF_inst/O                | clk_IBUF              |
| src3      | g3        | FDRE/Q          | None       | SLICE_X37Y46 | X1Y0         |           1 |               1 |                     |              | u1/clk_d_reg/Q                 | u1/clk_d              |
+-----------+-----------+-----------------+------------+--------------+--------------+-------------+-----------------+---------------------+--------------+--------------------------------+-----------------------+
* Clock Loads column represents the clock pin loads (pin count)
** Non-Clock Loads column represents the non-clock pin loads (pin count)


4. Local Clock Details
----------------------

+----------+-----------------+------------+-------------------+--------------+-------------+-----------------+--------------+-------+-----------------------------------+---------------------------+
| Local Id | Driver Type/Pin | Constraint | Site/BEL          | Clock Region | Clock Loads | Non-Clock Loads | Clock Period | Clock | Driver Pin                        | Net                       |
+----------+-----------------+------------+-------------------+--------------+-------------+-----------------+--------------+-------+-----------------------------------+---------------------------||
| 0        | FDRE/Q          | None       | SLICE_X36Y34/A5FF | X1Y0         |          20 |               4 |              |       | CR/cr_bc/nextFlag_reg[1]/Q        | CR/cr_bc/collision16[0]   - Static -
| 1        | FDRE/Q          | None       | SLICE_X33Y35/A5FF | X0Y0         |          20 |               4 |              |       | CR/cr_bg/nextFlag_reg[1]/Q        | CR/cr_bg/collision13[0]   - Static -
| 2        | FDRE/Q          | None       | SLICE_X36Y34/B5FF | X1Y0         |          20 |               4 |              |       | CR/cr_bm/nextFlag_reg[1]/Q        | CR/cr_bm/collision15[0]   - Static -
| 3        | FDRE/Q          | None       | SLICE_X36Y34/C5FF | X1Y0         |          20 |               4 |              |       | CR/cr_by/nextFlag_reg[1]/Q        | CR/cr_by/collision14[0]   - Static -
| 4        | FDRE/Q          | None       | SLICE_X38Y35/A5FF | X1Y0         |          20 |               4 |              |       | CR/cr_gc/nextFlag_reg[1]/Q        | CR/cr_gc/collision19[0]   - Static -
| 5        | FDRE/Q          | None       | SLICE_X38Y35/B5FF | X1Y0         |          20 |               4 |              |       | CR/cr_gm/nextFlag_reg[1]/Q        | CR/cr_gm/collision18[0]   - Static -
| 6        | FDRE/Q          | None       | SLICE_X36Y34/D5FF | X1Y0         |          20 |               4 |              |       | CR/cr_gy/nextFlag_reg[1]/Q        | CR/cr_gy/collision17[0]   - Static -
| 7        | FDRE/Q          | None       | SLICE_X43Y41/A5FF | X1Y0         |          20 |               4 |              |       | CR/cr_rb/nextFlag_reg[1]/Q        | CR/cr_rb/collision8[0]    - Static -
| 8        | FDRE/Q          | None       | SLICE_X30Y40/A5FF | X0Y0         |          20 |               4 |              |       | CR/cr_rc/nextFlag_reg[1]/Q        | CR/cr_rc/collision12[0]   - Static -
| 9        | FDRE/Q          | None       | SLICE_X30Y40/B5FF | X0Y0         |          20 |               4 |              |       | CR/cr_rg/nextFlag_reg[1]/Q        | CR/cr_rg/collision9[0]    - Static -
| 10       | FDRE/Q          | None       | SLICE_X30Y40/C5FF | X0Y0         |          20 |               4 |              |       | CR/cr_rm/nextFlag_reg[1]/Q        | CR/cr_rm/collision11[0]   - Static -
| 11       | FDRE/Q          | None       | SLICE_X30Y40/D5FF | X0Y0         |          20 |               4 |              |       | CR/cr_ry/nextFlag_reg[1]/Q        | CR/cr_ry/collision10[0]   - Static -
| 12       | FDRE/Q          | None       | SLICE_X43Y41/B5FF | X1Y0         |          20 |               4 |              |       | CR/cr_wb/nextFlag_reg[1]/Q        | CR/cr_wb/collision3[0]    - Static -
| 13       | FDRE/Q          | None       | SLICE_X48Y41/A5FF | X1Y0         |          20 |               4 |              |       | CR/cr_wc/nextFlag_reg[1]/Q        | CR/cr_wc/collision7[0]    - Static -
| 14       | FDRE/Q          | None       | SLICE_X43Y41/C5FF | X1Y0         |          20 |               4 |              |       | CR/cr_wg/nextFlag_reg[1]/Q        | CR/cr_wg/collision4[0]    - Static -
| 15       | FDRE/Q          | None       | SLICE_X48Y41/B5FF | X1Y0         |          20 |               4 |              |       | CR/cr_wm/nextFlag_reg[1]/Q        | CR/cr_wm/collision6[0]    - Static -
| 16       | FDRE/Q          | None       | SLICE_X41Y48/A5FF | X1Y0         |          20 |               4 |              |       | CR/cr_wr/nextFlag_reg[1]/Q        | CR/cr_wr/collision2[0]    - Static -
| 17       | FDRE/Q          | None       | SLICE_X43Y41/D5FF | X1Y0         |          20 |               4 |              |       | CR/cr_wy/nextFlag_reg[1]/Q        | CR/cr_wy/collision5[0]    - Static -
| 18       | FDRE/Q          | None       | SLICE_X38Y35/C5FF | X1Y0         |          20 |               4 |              |       | CR/cr_yc/nextFlag_reg[1]/Q        | CR/cr_yc/collision21[0]   - Static -
| 19       | FDRE/Q          | None       | SLICE_X38Y35/D5FF | X1Y0         |          20 |               4 |              |       | CR/cr_ym/nextFlag_reg[1]/Q        | CR/cr_ym/collision20[0]   - Static -
| 20       | FDRE/Q          | None       | SLICE_X39Y48/A5FF | X1Y0         |          20 |               4 |              |       | collisionFlag_reg[1]/Q            | collisionFlag_reg_n_0_[1] - Static -
| 21       | FDRE/Q          | None       | SLICE_X63Y75/AFF  | X1Y1         |           3 |               1 |              |       | x1/segment1/XLXI_47/clk_div_reg/Q | x1/segment1/XLXI_47/CLK   - Static -
+----------+-----------------+------------+-------------------+--------------+-------------+-----------------+--------------+-------+-----------------------------------+---------------------------||
* Local Clocks in this context represents only clocks driven by non-global buffers
** Clock Loads column represents the clock pin loads (pin count)
*** Non-Clock Loads column represents the non-clock pin loads (pin count)


5. Clock Regions: Key Resource Utilization
------------------------------------------

+-------------------+--------------+--------------+--------------+--------------+--------------+--------------+--------------+--------------+--------------+--------------+--------------+--------------+--------------+--------------+--------------+
|                   | Global Clock |     BUFRs    |    BUFMRs    |    BUFIOs    |     MMCM     |      PLL     |      GT      |      PCI     |    ILOGIC    |    OLOGIC    |      FF      |     LUTM     |    RAMB18    |    RAMB36    |    DSP48E2   |
+-------------------+------+-------+------+-------+------+-------+------+-------+------+-------+------+-------+------+-------+------+-------+------+-------+------+-------+------+-------+------+-------+------+-------+------+-------+------+-------+
| Clock Region Name | Used | Avail | Used | Avail | Used | Avail | Used | Avail | Used | Avail | Used | Avail | Used | Avail | Used | Avail | Used | Avail | Used | Avail | Used | Avail | Used | Avail | Used | Avail | Used | Avail | Used | Avail |
+-------------------+------+-------+------+-------+------+-------+------+-------+------+-------+------+-------+------+-------+------+-------+------+-------+------+-------+------+-------+------+-------+------+-------+------+-------+------+-------+
| X0Y0              |    3 |    12 |    0 |     4 |    0 |     2 |    0 |     4 |    0 |     1 |    0 |     1 |    0 |     0 |    0 |     0 |    0 |    50 |    0 |    50 |  109 |  1200 |   40 |   400 |    0 |    20 |    0 |    10 |    0 |    20 |
| X1Y0              |    3 |    12 |    0 |     4 |    0 |     2 |    0 |     4 |    0 |     1 |    0 |     1 |    0 |     0 |    0 |     0 |    0 |    50 |    0 |    50 |  556 |  1500 |  147 |   450 |    0 |    40 |    0 |    20 |    0 |    20 |
| X0Y1              |    4 |    12 |    0 |     4 |    0 |     2 |    0 |     4 |    0 |     1 |    0 |     1 |    0 |     0 |    0 |     0 |    0 |    50 |    0 |    50 |   55 |  1200 |   16 |   400 |    0 |    20 |    0 |    10 |    0 |    20 |
| X1Y1              |    4 |    12 |    0 |     4 |    0 |     2 |    0 |     4 |    0 |     1 |    0 |     1 |    0 |     0 |    0 |     0 |    0 |    50 |    0 |    50 |  508 |  1500 |   96 |   450 |    0 |    40 |    0 |    20 |    0 |    20 |
| X0Y2              |    2 |    12 |    0 |     4 |    0 |     2 |    0 |     4 |    0 |     1 |    0 |     1 |    0 |     0 |    0 |     0 |    0 |    50 |    0 |    50 |   18 |  1800 |    2 |   400 |    0 |    20 |    0 |    10 |    0 |    20 |
| X1Y2              |    1 |    12 |    0 |     0 |    0 |     0 |    0 |     0 |    0 |     0 |    0 |     0 |    0 |     4 |    0 |     1 |    0 |     0 |    0 |     0 |   12 |   950 |    0 |   300 |    0 |    10 |    0 |     5 |    0 |    20 |
+-------------------+------+-------+------+-------+------+-------+------+-------+------+-------+------+-------+------+-------+------+-------+------+-------+------+-------+------+-------+------+-------+------+-------+------+-------+------+-------+
* Global Clock column represents track count; while other columns represents cell counts


6. Clock Regions : Global Clock Summary
---------------------------------------

All Modules
+----+----+----+
|    | X0 | X1 |
+----+----+----+
| Y2 |  2 |  1 |
| Y1 |  4 |  4 |
| Y0 |  3 |  3 |
+----+----+----+


7. Device Cell Placement Summary for Global Clock g0
----------------------------------------------------

+-----------+-----------------+-------------------+-------+-------------+---------------+-------------+----------+----------------+----------+------------------+
| Global Id | Driver Type/Pin | Driver Region (D) | Clock | Period (ns) | Waveform (ns) | Slice Loads | IO Loads | Clocking Loads | GT Loads | Net              |
+-----------+-----------------+-------------------+-------+-------------+---------------+-------------+----------+----------------+----------+------------------+
| g0        | BUFG/O          | n/a               |       |             |               |         297 |        1 |              0 |        0 | v_sync_OBUF_BUFG |
+-----------+-----------------+-------------------+-------+-------------+---------------+-------------+----------+----------------+----------+------------------+
* Slice Loads column represents load cell count of all cell types other than IO, GT and clock resources
** IO Loads column represents load cell count of IO types
*** Clocking Loads column represents load cell count that are clock resources (global clock buffer, MMCM, PLL, etc)
**** GT Loads column represents load cell count of GT types


+----+----+------+
|    | X0 | X1   |
+----+----+------+
| Y2 |  0 |    0 |
| Y1 |  5 |  159 |
| Y0 |  1 |  133 |
+----+----+------+


8. Device Cell Placement Summary for Global Clock g1
----------------------------------------------------

+-----------+-----------------+-------------------+-------+-------------+---------------+-------------+----------+----------------+----------+-------------------+
| Global Id | Driver Type/Pin | Driver Region (D) | Clock | Period (ns) | Waveform (ns) | Slice Loads | IO Loads | Clocking Loads | GT Loads | Net               |
+-----------+-----------------+-------------------+-------+-------------+---------------+-------------+----------+----------------+----------+-------------------+
| g1        | BUFG/O          | n/a               |       |             |               |         248 |        0 |              0 |        0 | moverFlag_BUFG[1] |
+-----------+-----------------+-------------------+-------+-------------+---------------+-------------+----------+----------------+----------+-------------------+
* Slice Loads column represents load cell count of all cell types other than IO, GT and clock resources
** IO Loads column represents load cell count of IO types
*** Clocking Loads column represents load cell count that are clock resources (global clock buffer, MMCM, PLL, etc)
**** GT Loads column represents load cell count of GT types


+----+----+------+
|    | X0 | X1   |
+----+----+------+
| Y2 |  0 |    0 |
| Y1 |  9 |  173 |
| Y0 |  1 |   65 |
+----+----+------+


9. Device Cell Placement Summary for Global Clock g2
----------------------------------------------------

+-----------+-----------------+-------------------+-------------+-------------+---------------+-------------+----------+----------------+----------+---------------+
| Global Id | Driver Type/Pin | Driver Region (D) | Clock       | Period (ns) | Waveform (ns) | Slice Loads | IO Loads | Clocking Loads | GT Loads | Net           |
+-----------+-----------------+-------------------+-------------+-------------+---------------+-------------+----------+----------------+----------+---------------+
| g2        | BUFG/O          | n/a               | sys_clk_pin |      10.000 | {0.000 5.000} |         190 |        0 |              0 |        0 | clk_IBUF_BUFG |
+-----------+-----------------+-------------------+-------------+-------------+---------------+-------------+----------+----------------+----------+---------------+
* Slice Loads column represents load cell count of all cell types other than IO, GT and clock resources
** IO Loads column represents load cell count of IO types
*** Clocking Loads column represents load cell count that are clock resources (global clock buffer, MMCM, PLL, etc)
**** GT Loads column represents load cell count of GT types


+----+-----+------+
|    | X0  | X1   |
+----+-----+------+
| Y2 |   6 |    0 |
| Y1 |  15 |  123 |
| Y0 |  10 |   36 |
+----+-----+------+


10. Device Cell Placement Summary for Global Clock g3
-----------------------------------------------------

+-----------+-----------------+-------------------+-------+-------------+---------------+-------------+----------+----------------+----------+------------+
| Global Id | Driver Type/Pin | Driver Region (D) | Clock | Period (ns) | Waveform (ns) | Slice Loads | IO Loads | Clocking Loads | GT Loads | Net        |
+-----------+-----------------+-------------------+-------+-------------+---------------+-------------+----------+----------------+----------+------------+
| g3        | BUFG/O          | n/a               |       |             |               |         101 |        0 |              0 |        0 | clk_d_BUFG |
+-----------+-----------------+-------------------+-------+-------------+---------------+-------------+----------+----------------+----------+------------+
* Slice Loads column represents load cell count of all cell types other than IO, GT and clock resources
** IO Loads column represents load cell count of IO types
*** Clocking Loads column represents load cell count that are clock resources (global clock buffer, MMCM, PLL, etc)
**** GT Loads column represents load cell count of GT types


+----+-----+-----+
|    | X0  | X1  |
+----+-----+-----+
| Y2 |  12 |  12 |
| Y1 |  27 |  50 |
| Y0 |   0 |   0 |
+----+-----+-----+


11. Clock Region Cell Placement per Global Clock: Region X0Y0
-------------------------------------------------------------

+-----------+-------+-----------------+------------+-------------+-----------------+----+--------+------+-----+----+------+-----+---------+-------------------+
| Global Id | Track | Driver Type/Pin | Constraint | Clock Loads | Non-Clock Loads | FF | LUTRAM | RAMB | DSP | GT | MMCM | PLL | Hard IP | Net               |
+-----------+-------+-----------------+------------+-------------+-----------------+----+--------+------+-----+----+------+-----+---------+-------------------+
| g0        | n/a   | BUFG/O          | None       |           0 |               1 |  0 |      0 |    0 |   0 |  0 |    0 |   0 |       0 | v_sync_OBUF_BUFG  |
| g1        | n/a   | BUFG/O          | None       |           1 |               0 |  1 |      0 |    0 |   0 |  0 |    0 |   0 |       0 | moverFlag_BUFG[1] |
| g2        | n/a   | BUFG/O          | None       |          10 |               0 | 10 |      0 |    0 |   0 |  0 |    0 |   0 |       0 | clk_IBUF_BUFG     |
+-----------+-------+-----------------+------------+-------------+-----------------+----+--------+------+-----+----+------+-----+---------+-------------------+
* Clock Loads column represents the clock pin loads (pin count)
** Non-Clock Loads column represents the non-clock pin loads (pin count)
*** Columns FF, LUTRAM, RAMB through 'Hard IP' represents load cell counts


12. Clock Region Cell Placement per Global Clock: Region X1Y0
-------------------------------------------------------------

+-----------+-------+-----------------+------------+-------------+-----------------+-----+--------+------+-----+----+------+-----+---------+-------------------+
| Global Id | Track | Driver Type/Pin | Constraint | Clock Loads | Non-Clock Loads | FF  | LUTRAM | RAMB | DSP | GT | MMCM | PLL | Hard IP | Net               |
+-----------+-------+-----------------+------------+-------------+-----------------+-----+--------+------+-----+----+------+-----+---------+-------------------+
| g0        | n/a   | BUFG/O          | None       |         133 |               0 | 133 |      0 |    0 |   0 |  0 |    0 |   0 |       0 | v_sync_OBUF_BUFG  |
| g1        | n/a   | BUFG/O          | None       |          65 |               0 |  65 |      0 |    0 |   0 |  0 |    0 |   0 |       0 | moverFlag_BUFG[1] |
| g2        | n/a   | BUFG/O          | None       |          36 |               0 |  36 |      0 |    0 |   0 |  0 |    0 |   0 |       0 | clk_IBUF_BUFG     |
+-----------+-------+-----------------+------------+-------------+-----------------+-----+--------+------+-----+----+------+-----+---------+-------------------+
* Clock Loads column represents the clock pin loads (pin count)
** Non-Clock Loads column represents the non-clock pin loads (pin count)
*** Columns FF, LUTRAM, RAMB through 'Hard IP' represents load cell counts


13. Clock Region Cell Placement per Global Clock: Region X0Y1
-------------------------------------------------------------

+-----------+-------+-----------------+------------+-------------+-----------------+----+--------+------+-----+----+------+-----+---------+-------------------+
| Global Id | Track | Driver Type/Pin | Constraint | Clock Loads | Non-Clock Loads | FF | LUTRAM | RAMB | DSP | GT | MMCM | PLL | Hard IP | Net               |
+-----------+-------+-----------------+------------+-------------+-----------------+----+--------+------+-----+----+------+-----+---------+-------------------+
| g0        | n/a   | BUFG/O          | None       |           5 |               0 |  5 |      0 |    0 |   0 |  0 |    0 |   0 |       0 | v_sync_OBUF_BUFG  |
| g1        | n/a   | BUFG/O          | None       |           9 |               0 |  9 |      0 |    0 |   0 |  0 |    0 |   0 |       0 | moverFlag_BUFG[1] |
| g2        | n/a   | BUFG/O          | None       |          15 |               0 | 14 |      0 |    0 |   0 |  0 |    0 |   0 |       0 | clk_IBUF_BUFG     |
| g3        | n/a   | BUFG/O          | None       |          27 |               0 | 27 |      0 |    0 |   0 |  0 |    0 |   0 |       0 | clk_d_BUFG        |
+-----------+-------+-----------------+------------+-------------+-----------------+----+--------+------+-----+----+------+-----+---------+-------------------+
* Clock Loads column represents the clock pin loads (pin count)
** Non-Clock Loads column represents the non-clock pin loads (pin count)
*** Columns FF, LUTRAM, RAMB through 'Hard IP' represents load cell counts


14. Clock Region Cell Placement per Global Clock: Region X1Y1
-------------------------------------------------------------

+-----------+-------+-----------------+------------+-------------+-----------------+-----+--------+------+-----+----+------+-----+---------+-------------------+
| Global Id | Track | Driver Type/Pin | Constraint | Clock Loads | Non-Clock Loads | FF  | LUTRAM | RAMB | DSP | GT | MMCM | PLL | Hard IP | Net               |
+-----------+-------+-----------------+------------+-------------+-----------------+-----+--------+------+-----+----+------+-----+---------+-------------------+
| g0        | n/a   | BUFG/O          | None       |         159 |               0 | 159 |      0 |    0 |   0 |  0 |    0 |   0 |       0 | v_sync_OBUF_BUFG  |
| g1        | n/a   | BUFG/O          | None       |         173 |               0 | 173 |      0 |    0 |   0 |  0 |    0 |   0 |       0 | moverFlag_BUFG[1] |
| g2        | n/a   | BUFG/O          | None       |         123 |               0 | 123 |      0 |    0 |   0 |  0 |    0 |   0 |       0 | clk_IBUF_BUFG     |
| g3        | n/a   | BUFG/O          | None       |          50 |               0 |  50 |      0 |    0 |   0 |  0 |    0 |   0 |       0 | clk_d_BUFG        |
+-----------+-------+-----------------+------------+-------------+-----------------+-----+--------+------+-----+----+------+-----+---------+-------------------+
* Clock Loads column represents the clock pin loads (pin count)
** Non-Clock Loads column represents the non-clock pin loads (pin count)
*** Columns FF, LUTRAM, RAMB through 'Hard IP' represents load cell counts


15. Clock Region Cell Placement per Global Clock: Region X0Y2
-------------------------------------------------------------

+-----------+-------+-----------------+------------+-------------+-----------------+----+--------+------+-----+----+------+-----+---------+---------------+
| Global Id | Track | Driver Type/Pin | Constraint | Clock Loads | Non-Clock Loads | FF | LUTRAM | RAMB | DSP | GT | MMCM | PLL | Hard IP | Net           |
+-----------+-------+-----------------+------------+-------------+-----------------+----+--------+------+-----+----+------+-----+---------+---------------+
| g2        | n/a   | BUFG/O          | None       |           6 |               0 |  6 |      0 |    0 |   0 |  0 |    0 |   0 |       0 | clk_IBUF_BUFG |
| g3        | n/a   | BUFG/O          | None       |          12 |               0 | 12 |      0 |    0 |   0 |  0 |    0 |   0 |       0 | clk_d_BUFG    |
+-----------+-------+-----------------+------------+-------------+-----------------+----+--------+------+-----+----+------+-----+---------+---------------+
* Clock Loads column represents the clock pin loads (pin count)
** Non-Clock Loads column represents the non-clock pin loads (pin count)
*** Columns FF, LUTRAM, RAMB through 'Hard IP' represents load cell counts


16. Clock Region Cell Placement per Global Clock: Region X1Y2
-------------------------------------------------------------

+-----------+-------+-----------------+------------+-------------+-----------------+----+--------+------+-----+----+------+-----+---------+------------+
| Global Id | Track | Driver Type/Pin | Constraint | Clock Loads | Non-Clock Loads | FF | LUTRAM | RAMB | DSP | GT | MMCM | PLL | Hard IP | Net        |
+-----------+-------+-----------------+------------+-------------+-----------------+----+--------+------+-----+----+------+-----+---------+------------+
| g3        | n/a   | BUFG/O          | None       |          12 |               0 | 12 |      0 |    0 |   0 |  0 |    0 |   0 |       0 | clk_d_BUFG |
+-----------+-------+-----------------+------------+-------------+-----------------+----+--------+------+-----+----+------+-----+---------+------------+
* Clock Loads column represents the clock pin loads (pin count)
** Non-Clock Loads column represents the non-clock pin loads (pin count)
*** Columns FF, LUTRAM, RAMB through 'Hard IP' represents load cell counts



# Location of BUFG Primitives 
set_property LOC BUFGCTRL_X0Y0 [get_cells v_sync_OBUF_BUFG_inst]
set_property LOC BUFGCTRL_X0Y2 [get_cells moverFlag_BUFG[1]_inst]
set_property LOC BUFGCTRL_X0Y3 [get_cells clk_d_BUFG_inst]
set_property LOC BUFGCTRL_X0Y1 [get_cells clk_IBUF_BUFG_inst]

# Location of IO Primitives which is load of clock spine
set_property LOC IOB_X0Y29 [get_cells v_sync_OBUF_inst]

# Location of clock ports
set_property LOC IOB_X1Y26 [get_ports clk]

# Clock net "v_sync_OBUF_BUFG" driven by instance "v_sync_OBUF_BUFG_inst" located at site "BUFGCTRL_X0Y0"
#startgroup
create_pblock {CLKAG_v_sync_OBUF_BUFG}
add_cells_to_pblock [get_pblocks  {CLKAG_v_sync_OBUF_BUFG}] [get_cells -filter { PRIMITIVE_GROUP != I/O && IS_PRIMITIVE==1 && PRIMITIVE_LEVEL !=INTERNAL && NAME!=v_sync_OBUF_inst} -of_object [get_pins -filter {DIRECTION==IN} -of_objects [get_nets -hierarchical -filter {PARENT=="v_sync_OBUF_BUFG"}]]]
resize_pblock [get_pblocks {CLKAG_v_sync_OBUF_BUFG}] -add {CLOCKREGION_X0Y1:CLOCKREGION_X0Y1 CLOCKREGION_X1Y0:CLOCKREGION_X1Y0 CLOCKREGION_X1Y1:CLOCKREGION_X1Y1}
#endgroup

# Clock net "moverFlag_BUFG[1]" driven by instance "moverFlag_BUFG[1]_inst" located at site "BUFGCTRL_X0Y2"
#startgroup
create_pblock {CLKAG_moverFlag_BUFG[1]}
add_cells_to_pblock [get_pblocks  {CLKAG_moverFlag_BUFG[1]}] [get_cells -filter { PRIMITIVE_GROUP != I/O && IS_PRIMITIVE==1 && PRIMITIVE_LEVEL !=INTERNAL } -of_object [get_pins -filter {DIRECTION==IN} -of_objects [get_nets -hierarchical -filter {PARENT=="moverFlag_BUFG[1]"}]]]
resize_pblock [get_pblocks {CLKAG_moverFlag_BUFG[1]}] -add {CLOCKREGION_X0Y0:CLOCKREGION_X0Y0 CLOCKREGION_X0Y1:CLOCKREGION_X0Y1 CLOCKREGION_X1Y0:CLOCKREGION_X1Y0 CLOCKREGION_X1Y1:CLOCKREGION_X1Y1}
#endgroup

# Clock net "clk_d_BUFG" driven by instance "clk_d_BUFG_inst" located at site "BUFGCTRL_X0Y3"
#startgroup
create_pblock {CLKAG_clk_d_BUFG}
add_cells_to_pblock [get_pblocks  {CLKAG_clk_d_BUFG}] [get_cells -filter { PRIMITIVE_GROUP != I/O && IS_PRIMITIVE==1 && PRIMITIVE_LEVEL !=INTERNAL } -of_object [get_pins -filter {DIRECTION==IN} -of_objects [get_nets -hierarchical -filter {PARENT=="clk_d_BUFG"}]]]
resize_pblock [get_pblocks {CLKAG_clk_d_BUFG}] -add {CLOCKREGION_X0Y1:CLOCKREGION_X0Y1 CLOCKREGION_X0Y2:CLOCKREGION_X0Y2 CLOCKREGION_X1Y1:CLOCKREGION_X1Y1 CLOCKREGION_X1Y2:CLOCKREGION_X1Y2}
#endgroup

# Clock net "clk_IBUF_BUFG" driven by instance "clk_IBUF_BUFG_inst" located at site "BUFGCTRL_X0Y1"
#startgroup
create_pblock {CLKAG_clk_IBUF_BUFG}
add_cells_to_pblock [get_pblocks  {CLKAG_clk_IBUF_BUFG}] [get_cells -filter { PRIMITIVE_GROUP != I/O && IS_PRIMITIVE==1 && PRIMITIVE_LEVEL !=INTERNAL } -of_object [get_pins -filter {DIRECTION==IN} -of_objects [get_nets -hierarchical -filter {PARENT=="clk_IBUF_BUFG"}]]]
resize_pblock [get_pblocks {CLKAG_clk_IBUF_BUFG}] -add {CLOCKREGION_X0Y0:CLOCKREGION_X0Y0 CLOCKREGION_X0Y1:CLOCKREGION_X0Y1 CLOCKREGION_X0Y2:CLOCKREGION_X0Y2 CLOCKREGION_X1Y0:CLOCKREGION_X1Y0 CLOCKREGION_X1Y1:CLOCKREGION_X1Y1}
#endgroup
