datapath__20: display__GB0, 
logic__493: display__GB0, 
counter__5: display__GB1, 
datapath__33: display__GB0, 
case__53: display__GB1, 
logic__287: display__GB1, 
reg__74: display__GB0, 
datapath__123: display__GB1, 
datapath__65: display__GB1, 
datapath__71: display__GB1, 
case__35: pix_gen_menu, 
datapath__148: display__GB1, 
logic__577: display__GB1, 
logic__243: display__GB1, 
logic__41: display__GB2, 
datapath__121: display__GB1, 
case__89: display__GB0, 
datapath__36: display__GB0, 
datapath__228: display__GB1, 
rom__2: pix_gen_menu, 
logic__101: display__GB0, 
reg__64: display__GB0, 
datapath__233: display__GB1, 
datapath__44: pix_gen_menu, 
logic__216: display__GB1, 
logic__43: display__GB2, 
dsp48e1__19: display__GB1, 
muxpart__12: display__GB1, 
muxpart__13: display__GB1, 
collisionResolver: display__GB0, 
case__93: display__GB0, 
datapath__165: display__GB1, 
reg__5: display__GB2, 
case__65: display__GB2, 
case__24: display__GB0, 
logic__304: display__GB1, 
datapath__226: display__GB1, 
rom__21: display__GB1, 
logic__111: display__GB0, 
reg__9: display__GB2, 
logic__11: display__GB2, 
datapath__128: display__GB1, 
datapath__171: display__GB1, 
logic__512: display__GB2, 
datapath__197: display__GB1, 
datapath__179: display__GB1, 
datapath__106: display__GB1, 
datapath__42: pix_gen_menu, 
logic__215: display__GB1, 
reg__16: display__GB2, 
datapath__111: display__GB1, 
datapath__162: display__GB1, 
datapath__146: display__GB1, 
datapath__214: display__GB1, 
reg__30: display__GB0, 
reg__52: display__GB1, 
logic__26: display__GB2, 
logic__135: display__GB0, 
datapath__104: display__GB1, 
datapath__16: display__GB0, 
datapath__163: display__GB1, 
case__42: display__GB2, 
reg__83: display__GB0, 
rom__19: display__GB1, 
dsp48e1__1: display__GB1, 
case__88: display__GB0, 
reg__12: display__GB2, 
dsp48e1__31: display__GB1, 
dsp48e1__33: display__GB1, 
logic__143: display__GB0, 
datapath__99: display__GB1, 
case__13: display__GB0, 
case__31: display__GB0, 
datapath__35: display__GB0, 
case__83: display__GB0, 
logic__211: display__GB1, 
logic__349: display__GB0, 
display__GB2: display__GB2, 
reg__73: display__GB0, 
case__90: display__GB0, 
rom__10: display__GB1, 
reg__66: display__GB0, 
reg__63: display__GB0, 
datapath__189: display__GB1, 
rom__30: display__GB1, 
datapath__41: pix_gen_menu, 
datapath__198: display__GB1, 
logic__39: display__GB2, 
logic__7: display__GB2, 
reg__56: display__GB0, 
logic__146: display__GB0, 
logic__309: display__GB1, 
logic__286: display__GB1, 
reg__20: display__GB2, 
datapath__66: display__GB1, 
datapath__90: display__GB1, 
reg__40: display__GB2, 
case__40: display__GB2, 
datapath__112: display__GB1, 
rom__25: display__GB1, 
segClkDevider: display__GB2, 
datapath__242: display__GB0, 
datapath__40: pix_gen_menu, 
datapath__19: display__GB0, 
datapath__91: display__GB1, 
datapath__81: display__GB1, 
dsp48e1__14: display__GB1, 
reg__46: display__GB1, 
reg__69: display__GB0, 
datapath__240: display__GB0, 
datapath__158: display__GB1, 
datapath__89: display__GB1, 
reg__6: display__GB2, 
rom__28: display__GB1, 
dsp48e1__5: display__GB1, 
reg__1: display__GB2, 
datapath__207: display__GB1, 
logic__310: display__GB1, 
reg__87: display__GB0, 
logic__134: display__GB0, 
logic__494: display__GB0, 
dsp48e1__7: display__GB1, 
datapath__173: display__GB1, 
datapath__23: display__GB0, 
datapath__245: display__GB1, 
reg__70: display__GB0, 
reg__7: display__GB2, 
datapath__115: display__GB1, 
datapath__168: display__GB1, 
case__20: display__GB0, 
logic__241: display__GB1, 
logic__280: display__GB1, 
dsp48e1__17: display__GB1, 
datapath__157: display__GB1, 
datapath__229: display__GB1, 
reg__68: display__GB0, 
logic__246: display__GB1, 
dsp48e1__40: display__GB1, 
rom__6: display__GB2, 
logic__289: display__GB1, 
pix_gen_win: display__GB2, 
datapath__196: display__GB1, 
datapath__216: display__GB1, 
datapath__8: display__GB2, 
logic__256: display__GB1, 
datapath__194: display__GB1, 
moverModule: display__GB0, 
logic__488: display__GB0, 
dsp48e1__42: display__GB1, 
case__76: display__GB0, 
rom__37: display__GB1, 
dsp48e1__6: display__GB1, 
case__32: display__GB0, 
rom__14: display__GB1, 
reg__37: pix_gen_menu, 
reg__36: display__GB0, 
reg__26: display__GB0, 
datapath__223: display__GB1, 
case__34: pix_gen_menu, 
datapath__192: display__GB1, 
reg__38: pix_gen_menu, 
logic__222: display__GB1, 
logic__80: display__GB0, 
dsp48e1__22: display__GB1, 
case__6: display__GB0, 
datapath__204: display__GB1, 
rom__22: display__GB1, 
datapath__184: display__GB1, 
datapath__164: display__GB1, 
case__50: display__GB1, 
rom__7: display__GB2, 
reg__94: display__GB1, 
logic__66: display__GB2, 
datapath__132: display__GB1, 
reg__32: display__GB0, 
logic__318: display__GB1, 
logic__105: display__GB0, 
muxpart__17: display__GB2, 
logic__218: display__GB1, 
datapath__244: display__GB1, 
logic__40: display__GB2, 
datapath__96: display__GB1, 
rom__34: display__GB1, 
reg__57: display__GB0, 
logic__90: display__GB0, 
datapath__39: pix_gen_menu, 
reg__22: display__GB2, 
datapath__144: display__GB1, 
rom__18: display__GB1, 
case__92: display__GB0, 
datapath__177: display__GB1, 
logic__373: display__GB0, 
case__66: display__GB2, 
datapath__93: display__GB1, 
case__70: display__GB0, 
datapath__195: display__GB1, 
logic__297: display__GB1, 
case__16: display__GB0, 
case__87: display__GB0, 
datapath__137: display__GB1, 
dsp48e1__16: display__GB1, 
logic__27: display__GB2, 
counter: display__GB2, 
cue_sprite: display__GB1, 
logic__45: display__GB2, 
case__38: pix_gen_menu, 
case__97: display__GB0, 
logic__274: display__GB1, 
logic__248: display__GB1, 
logic__110: display__GB0, 
case__43: display__GB2, 
logic__569: display__GB0, 
logic__350: display__GB0, 
reg__77: display__GB0, 
reg__54: display__GB0, 
datapath__31: display__GB0, 
reg__55: display__GB0, 
reg__93: display__GB1, 
dsp48e1__29: display__GB1, 
logic__152: display__GB0, 
datapath__156: display__GB1, 
dsp48e1__27: display__GB1, 
reg__92: display__GB1, 
logic__570: display__GB0, 
dsp48e1__26: display__GB1, 
counter__6: display__GB1, 
case__1: display__GB2, 
display__GB1: display__GB1, 
logic__348: display__GB1, 
dsp48e1__10: display__GB1, 
counter3bit: display__GB2, 
clk_div: display__GB2, 
logic__507: display__GB2, 
datapath__131: display__GB1, 
case__61: display__GB0, 
datapath__83: display__GB1, 
dsp48e1__11: display__GB1, 
reg__75: display__GB0, 
muxpart__14: display__GB1, 
reg__58: display__GB0, 
counter__3: display__GB0, 
logic__174: pix_gen_menu, 
datapath__49: display__GB2, 
case__101: display__GB0, 
reg__2: display__GB2, 
logic__499: display__GB0, 
dsp48e1__3: display__GB1, 
case__3: display__GB0, 
dsp48e1__30: display__GB1, 
datapath__221: display__GB1, 
reg__80: display__GB0, 
reg__78: display__GB0, 
case__2: display__GB2, 
dsp48e1__35: display__GB1, 
reg__21: display__GB2, 
rom__31: display__GB1, 
dsp48e1__18: display__GB1, 
logic__528: display__GB2, 
logic__38: display__GB2, 
logic__83: display__GB0, 
datapath__48: display__GB2, 
datapath__113: display__GB1, 
case__100: display__GB0, 
datapath__236: display__GB0, 
reg__95: display__GB1, 
datapath__182: display__GB1, 
reg__50: display__GB1, 
datapath__200: display__GB1, 
rom__5: pix_gen_menu, 
datapath__110: display__GB1, 
dsp48e1__9: display__GB1, 
datapath__209: display__GB1, 
datapath__52: display__GB2, 
case__102: display__GB1, 
case__51: display__GB1, 
datapath__80: display__GB1, 
datapath__155: display__GB1, 
dsp48e1__12: display__GB1, 
logic__82: display__GB0, 
logic__24: display__GB2, 
logic__580: display__GB1, 
dsp48e1__13: display__GB1, 
datapath__92: display__GB1, 
rom__12: display__GB1, 
logic__167: display__GB0, 
logic__308: display__GB1, 
logic__37: display__GB2, 
case: display__GB2, 
datapath__118: display__GB1, 
case__47: display__GB2, 
logic__180: pix_gen_menu, 
datapath__12: display__GB2, 
logic__202: display__GB2, 
datapath__87: display__GB1, 
reg__23: display__GB2, 
reg__85: display__GB0, 
reg__65: display__GB0, 
datapath__17: display__GB0, 
dsp48e1__8: display__GB1, 
logic__81: display__GB0, 
datapath__6: display__GB2, 
logic__305: display__GB1, 
rom: pix_gen_menu, 
logic__75: display__GB0, 
pix_gen_game_over: display__GB2, 
logic__261: display__GB1, 
rom__23: display__GB1, 
reg__15: display__GB2, 
reg__3: display__GB2, 
logic__96: display__GB0, 
datapath__76: display__GB1, 
logic__8: display__GB2, 
datapath__169: display__GB1, 
reg__43: display__GB2, 
logic__221: display__GB1, 
datapath__46: pix_gen_menu, 
dsp48e1__23: display__GB1, 
mult_32_32_32: display__GB0, 
counter__2: display__GB2, 
case__21: display__GB0, 
datapath__82: display__GB1, 
datapath__206: display__GB1, 
datapath__154: display__GB1, 
reg__49: display__GB1, 
logic__23: display__GB2, 
reg__72: display__GB0, 
dsp48e1__38: display__GB1, 
reg__45: display__GB2, 
rom__27: display__GB1, 
logic__351: display__GB0, 
datapath__29: display__GB0, 
datapath__58: display__GB1, 
datapath__1: display__GB2, 
datapath__85: display__GB1, 
datapath__210: display__GB1, 
logic__316: display__GB1, 
muxpart__10: display__GB1, 
reg__82: display__GB0, 
case__91: display__GB0, 
datapath__178: display__GB1, 
datapath__73: display__GB1, 
logic__127: display__GB0, 
case__67: display__GB0, 
pix_gen_menu: pix_gen_menu, 
logic__291: display__GB1, 
case__28: display__GB0, 
datapath__11: display__GB2, 
datapath__215: display__GB1, 
case__46: display__GB2, 
datapath__238: display__GB0, 
datapath__47: pix_gen_menu, 
datapath__232: display__GB1, 
case__68: display__GB0, 
datapath__217: display__GB1, 
datapath__3: display__GB2, 
datapath__56: display__GB1, 
reg__42: display__GB2, 
logic__4: display__GB2, 
muxpart__11: display__GB1, 
datapath__139: display__GB1, 
datapath__117: display__GB1, 
case__52: display__GB1, 
dsp48e1__32: display__GB1, 
logic__292: display__GB1, 
logic__581: display__GB1, 
reg__24: display__GB2, 
logic__118: display__GB0, 
reg__89: display__GB0, 
dsp48e1__21: display__GB1, 
case__95: display__GB0, 
logic__230: display__GB1, 
counter__1: display__GB2, 
case__45: display__GB2, 
logic__346: display__GB0, 
case__23: display__GB0, 
reg__81: display__GB0, 
case__30: display__GB0, 
rom__1: pix_gen_menu, 
datapath__151: display__GB1, 
case__73: display__GB0, 
rom__36: display__GB1, 
DigitToSeg: display__GB2, 
rom__13: display__GB1, 
dsp48e1__4: display__GB1, 
logic__153: display__GB0, 
datapath__38: display__GB0, 
case__71: display__GB0, 
datapath__114: display__GB1, 
logic__223: display__GB1, 
case__11: display__GB0, 
reg__84: display__GB0, 
datapath__77: display__GB1, 
datapath__203: display__GB1, 
pix_gen_pool_2: display__GB1, 
logic__524: display__GB2, 
reg__25: display__GB0, 
datapath__150: display__GB1, 
reg__60: display__GB0, 
datapath__100: display__GB1, 
datapath__45: pix_gen_menu, 
datapath__68: display__GB1, 
logic__196: display__GB2, 
reg__61: display__GB0, 
logic__212: display__GB1, 
logic__303: display__GB1, 
case__59: display__GB1, 
logic__61: display__GB2, 
logic__295: display__GB1, 
reg__8: display__GB2, 
dsp48e1__28: display__GB1, 
datapath__9: display__GB2, 
datapath__95: display__GB1, 
datapath__5: display__GB2, 
logic__247: display__GB1, 
datapath__138: display__GB1, 
vga_sync: display__GB2, 
rom__35: display__GB1, 
logic__231: display__GB1, 
reg__10: display__GB2, 
case__26: display__GB0, 
datapath__18: display__GB0, 
v_counter: display__GB2, 
datapath__143: display__GB1, 
logic__149: display__GB0, 
datapath__227: display__GB1, 
case__15: display__GB0, 
case__64: display__GB2, 
datapath__140: display__GB1, 
datapath__37: display__GB0, 
logic__302: display__GB1, 
case__58: display__GB1, 
case__85: display__GB0, 
datapath__213: display__GB1, 
logic__168: pix_gen_menu, 
logic__516: display__GB2, 
datapath__103: display__GB1, 
case__81: display__GB0, 
logic__294: display__GB1, 
datapath__224: display__GB1, 
datapath__180: display__GB1, 
case__14: display__GB0, 
reg__4: display__GB2, 
case__57: display__GB1, 
logic__54: display__GB2, 
logic__94: display__GB0, 
muxpart__7: display__GB0, 
datapath__187: display__GB1, 
datapath__94: display__GB1, 
datapath__186: display__GB1, 
case__44: display__GB2, 
case__33: pix_gen_menu, 
datapath__98: display__GB1, 
datapath__30: display__GB0, 
datapath__174: display__GB1, 
case__72: display__GB0, 
logic__579: display__GB1, 
muxpart__1: display__GB2, 
reg__90: display__GB0, 
logic__242: display__GB1, 
logic__306: display__GB1, 
datapath__126: display__GB1, 
logic__288: display__GB1, 
reg__53: display__GB0, 
case__19: display__GB0, 
datapath__176: display__GB1, 
logic__42: display__GB2, 
datapath__231: display__GB1, 
reg__79: display__GB0, 
case__27: display__GB0, 
datapath__21: display__GB0, 
logic__322: display__GB0, 
logic__128: display__GB0, 
datapath__239: display__GB0, 
logic__299: display__GB1, 
datapath__188: display__GB1, 
muxpart__6: display__GB2, 
datapath__102: display__GB1, 
case__84: display__GB0, 
datapath__75: display__GB1, 
datapath__124: display__GB1, 
display__GB0: display__GB0, 
logic__56: display__GB2, 
logic__31: display__GB2, 
reg__33: display__GB0, 
logic__585: display__GB0, 
logic__104: display__GB0, 
datapath__149: display__GB1, 
logic__91: display__GB0, 
datapath__13: display__GB2, 
datapath__67: display__GB1, 
logic__298: display__GB1, 
rom__20: display__GB1, 
datapath__183: display__GB1, 
datapath__246: display__GB1, 
case__56: display__GB1, 
datapath__88: display__GB1, 
datapath__107: display__GB1, 
datapath__205: display__GB1, 
case__39: display__GB2, 
muxpart__8: display__GB0, 
reg__39: pix_gen_menu, 
datapath__241: display__GB0, 
dsp48e1__24: display__GB1, 
datapath__234: display__GB1, 
logic__320: display__GB1, 
logic__268: display__GB1, 
datapath__133: display__GB1, 
logic__296: display__GB1, 
datapath__147: display__GB1, 
muxpart: display__GB2, 
case__7: display__GB0, 
datapath__243: display__GB0, 
logic__53: display__GB2, 
case__55: display__GB1, 
datapath__185: display__GB1, 
case__54: display__GB1, 
case__86: display__GB0, 
logic__48: display__GB2, 
datapath__86: display__GB1, 
reg__28: display__GB0, 
datapath__10: display__GB2, 
logic__311: display__GB1, 
case__82: display__GB0, 
reg__18: display__GB2, 
logic__249: display__GB1, 
datapath__27: display__GB0, 
datapath__193: display__GB1, 
logic__245: display__GB1, 
case__99: display__GB0, 
logic__76: display__GB0, 
datapath__69: display__GB1, 
logic__217: display__GB1, 
reg__14: display__GB2, 
rom__3: pix_gen_menu, 
datapath__218: display__GB1, 
rom__26: display__GB1, 
logic__503: display__GB2, 
datapath__166: display__GB1, 
reg__44: display__GB2, 
decoder_3_8: display__GB2, 
datapath__64: display__GB1, 
datapath__70: display__GB1, 
logic__576: display__GB1, 
datapath__167: display__GB1, 
datapath__63: display__GB1, 
datapath__79: display__GB1, 
logic__300: display__GB1, 
datapath__220: display__GB1, 
datapath__142: display__GB1, 
allCollider: display__GB0, 
reg__71: display__GB0, 
datapath__50: display__GB2, 
rom__17: display__GB1, 
case__63: display__GB0, 
case__29: display__GB0, 
logic__257: display__GB1, 
reg__41: display__GB2, 
rom__24: display__GB1, 
dsp48e1__20: display__GB1, 
rom__15: display__GB1, 
datapath__172: display__GB1, 
dsp48e1__25: display__GB1, 
logic__419: display__GB0, 
xadc_wiz_0: display__GB2, 
allMover: display__GB0, 
datapath__116: display__GB1, 
case__77: display__GB0, 
datapath__4: display__GB2, 
logic__321: display__GB0, 
reg__51: display__GB1, 
logic__258: display__GB1, 
muxpart__3: display__GB2, 
case__62: display__GB0, 
datapath__201: display__GB1, 
logic__396: display__GB0, 
reg__13: display__GB2, 
datapath__78: display__GB1, 
reg__31: display__GB0, 
case__22: display__GB0, 
datapath: display__GB2, 
logic__21: display__GB2, 
datapath__26: display__GB0, 
datapath__59: display__GB1, 
rom__29: display__GB1, 
datapath__2: display__GB2, 
logic__508: display__GB2, 
case__74: display__GB0, 
datapath__225: display__GB1, 
logic__228: display__GB1, 
rom__9: display__GB2, 
logic: display__GB2, 
datapath__74: display__GB1, 
reg__11: display__GB2, 
case__60: display__GB0, 
reg__48: display__GB1, 
muxpart__4: display__GB2, 
case__10: display__GB0, 
datapath__15: display__GB2, 
case__75: display__GB0, 
datapath__25: display__GB0, 
datapath__199: display__GB1, 
logic__290: display__GB1, 
reg__88: display__GB0, 
reg__67: display__GB0, 
logic__89: display__GB0, 
datapath__51: display__GB2, 
case__17: display__GB0, 
datapath__72: display__GB1, 
logic__126: display__GB0, 
logic__33: display__GB2, 
logic__495: display__GB0, 
datapath__125: display__GB1, 
datapath__160: display__GB1, 
reg: display__GB2, 
datapath__170: display__GB1, 
logic__323: display__GB0, 
datapath__134: display__GB1, 
rom__32: display__GB1, 
datapath__24: display__GB0, 
reg__27: display__GB0, 
XADCdemo: display__GB2, 
logic__578: display__GB1, 
datapath__129: display__GB1, 
datapath__108: display__GB1, 
reg__62: display__GB0, 
case__96: display__GB0, 
logic__25: display__GB2, 
reg__59: display__GB2, 
rom__11: display__GB1, 
datapath__181: display__GB1, 
logic__3: display__GB2, 
logic__293: display__GB1, 
datapath__127: display__GB1, 
logic__465: display__GB0, 
logic__219: display__GB1, 
dsp48e1__41: display__GB1, 
logic__2: display__GB2, 
logic__537: display__GB2, 
dsp48e1__37: display__GB1, 
datapath__191: display__GB1, 
logic__229: display__GB1, 
case__37: pix_gen_menu, 
datapath__211: display__GB1, 
datapath__28: display__GB0, 
logic__102: display__GB0, 
datapath__222: display__GB1, 
reg__29: display__GB0, 
datapath__159: display__GB1, 
datapath__43: pix_gen_menu, 
datapath__14: display__GB2, 
rom__38: display__GB1, 
datapath__135: display__GB1, 
rom__4: pix_gen_menu, 
datapath__32: display__GB0, 
logic__220: display__GB1, 
reg__35: display__GB0, 
logic__442: display__GB0, 
dsp48e1__36: display__GB1, 
logic__213: display__GB1, 
reg__19: display__GB2, 
datapath__55: display__GB1, 
datapath__122: display__GB1, 
logic__154: display__GB0, 
case__79: display__GB0, 
datapath__22: display__GB0, 
logic__52: display__GB2, 
case__98: display__GB0, 
logic__307: display__GB1, 
reg__17: display__GB2, 
reg__76: display__GB0, 
logic__44: display__GB2, 
datapath__57: display__GB1, 
logic__301: display__GB1, 
datapath__105: display__GB1, 
datapath__208: display__GB1, 
muxpart__9: display__GB1, 
case__25: display__GB0, 
dsp48e1__39: display__GB1, 
datapath__175: display__GB1, 
reg__34: display__GB0, 
reg__47: display__GB1, 
logic__347: display__GB0, 
logic__71: display__GB2, 
datapath__54: display__GB1, 
datapath__60: display__GB1, 
datapath__53: display__GB2, 
logic__224: display__GB1, 
case__5: display__GB0, 
logic__244: display__GB1, 
datapath__202: display__GB1, 
datapath__130: display__GB1, 
datapath__145: display__GB1, 
datapath__136: display__GB1, 
muxpart__15: display__GB1, 
muxpart__16: display__GB2, 
datapath__61: display__GB1, 
datapath__152: display__GB1, 
logic__312: display__GB1, 
h_counter: display__GB2, 
case__78: display__GB0, 
dsp48e1__15: display__GB1, 
logic__77: display__GB0, 
rom__8: display__GB2, 
dsp48e1__2: display__GB1, 
datapath__119: display__GB1, 
sevensegdecoder: display__GB2, 
datapath__237: display__GB0, 
rom__16: display__GB1, 
case__69: display__GB0, 
reg__91: display__GB1, 
datapath__84: display__GB1, 
datapath__141: display__GB1, 
logic__532: display__GB2, 
logic__166: display__GB0, 
datapath__101: display__GB1, 
logic__262: display__GB1, 
dsp48e1: display__GB2, 
datapath__212: display__GB1, 
logic__520: display__GB2, 
logic__47: display__GB2, 
logic__57: display__GB2, 
case__12: display__GB0, 
logic__214: display__GB1, 
muxpart__2: display__GB2, 
datapath__161: display__GB1, 
datapath__235: display__GB1, 
muxpart__5: display__GB2, 
logic__573: display__GB0, 
case__94: display__GB0, 
datapath__153: display__GB1, 
case__41: display__GB2, 
logic__225: display__GB1, 
datapath__7: display__GB2, 
datapath__62: display__GB1, 
datapath__230: display__GB1, 
logic__88: display__GB0, 
logic__117: display__GB0, 
datapath__190: display__GB1, 
counter__4: display__GB0, 
rom__33: display__GB1, 
dsp48e1__34: display__GB1, 
datapath__219: display__GB1, 
logic__226: display__GB1, 
case__36: pix_gen_menu, 
datapath__34: display__GB0, 
mux4_4bus: display__GB2, 
reg__86: display__GB0, 
datapath__109: display__GB1, 
logic__32: display__GB2, 
logic__95: display__GB0, 
datapath__97: display__GB1, 
logic__103: display__GB0, 
datapath__120: display__GB1, 
case__80: display__GB0, 
case__18: display__GB0, 
logic__253: display__GB1, 
case__9: display__GB0, 
