logic__740: logic__117
logic__664: logic__167
datapath__7: datapath__7
logic__25: logic__25
reg__113: reg__34
logic__825: logic__111
reg__122: reg__35
datapath__430: datapath__22
logic__44: logic__44
logic__850: logic__126
datapath__88: datapath__88
datapath__38: datapath__38
case__250: case__9
case__247: case__12
logic__648: logic__154
reg__200: reg__27
datapath__462: datapath__20
case__179: case__32
reg__143: reg__34
moverModule__4: moverModule
logic__741: logic__111
logic__622: logic__167
pix_gen_game_over: pix_gen_game_over
logic__860: logic__96
logic__871: logic__77
logic__634: logic__167
mult_32_32_32__28: mult_32_32_32
datapath__473: datapath__24
reg__151: reg__36
counter__2: counter__2
datapath__458: datapath__24
case__274: case__9
case__233: case__26
case__113: case__30
case__225: case__10
case__165: case__30
datapath: datapath
segClkDevider: segClkDevider
case__203: case__7
logic__639: logic__149
case__80: case__80
logic__512: logic__512
logic__678: logic__154
case__249: case__10
reg__136: reg__36
datapath__431: datapath__21
datapath__328: datapath__37
logic__599: logic__166
case__94: case__94
case__96: case__96
logic__318: logic__318
datapath__132: datapath__132
datapath__98: datapath__98
logic__633: logic__149
case__39: case__39
dsp48e1__36: dsp48e1__36
mult_32_32_32__39: mult_32_32_32
logic: logic
logic__837: logic__89
datapath__493: datapath__19
datapath__130: datapath__130
case__267: case__16
logic__47: logic__47
reg__71: reg__71
reg__222: reg__26
logic__94: logic__94
case__187: case__24
datapath__327: datapath__38
datapath__320: datapath__37
logic__726: logic__88
logic__811: logic__83
datapath__267: datapath__34
datapath__271: datapath__38
logic__626: logic__152
logic__848: logic__128
datapath__415: datapath__22
logic__824: logic__117
case__283: case__24
datapath__284: datapath__33
datapath__20: datapath__20
logic__257: logic__257
datapath__105: datapath__105
logic__721: logic__95
reg__172: reg__35
logic__831: logic__101
logic__667: logic__153
datapath__66: datapath__66
logic__839: logic__83
datapath__221: datapath__221
logic__537: logic__537
dsp48e1__12: dsp48e1__12
logic__858: logic__102
datapath__116: datapath__116
reg__182: reg__35
datapath__21: datapath__21
datapath__489: datapath__23
case__66: case__66
mult_32_32_32__5: mult_32_32_32
datapath__211: datapath__211
rom__27: rom__27
reg__11: reg__11
datapath__389: datapath__32
reg__138: reg__34
logic__812: logic__82
datapath__239: datapath__239
logic__638: logic__152
reg__31: reg__31
datapath__46: datapath__46
reg__170: reg__32
case__166: case__29
muxpart__2: muxpart__2
counter__5: counter__5
case__293: case__14
datapath__37: datapath__37
logic__630: logic__154
dsp48e1__21: dsp48e1__21
reg__34: reg__34
collisionResolver__13: collisionResolver
counter__13: counter__4
datapath__428: datapath__24
case__102: case__102
reg__202: reg__25
datapath__485: datapath__27
logic__765: logic__127
rom__22: rom__22
datapath__311: datapath__38
logic__820: logic__128
logic__573: logic__573
logic__612: logic__154
reg__54: reg__54
datapath__260: datapath__33
reg__50: reg__50
dsp48e1__24: dsp48e1__24
case__262: case__21
datapath__230: datapath__230
datapath__143: datapath__143
case__323: case__7
datapath__437: datapath__30
datapath__13: datapath__13
case__105: case__30
case__180: case__31
case__1: case__1
logic__853: logic__111
datapath__484: datapath__28
datapath__447: datapath__20
moverModule__3: moverModule
datapath__347: datapath__34
reg__92: reg__92
reg__175: reg__32
rom__4: rom__4
sevensegdecoder: sevensegdecoder
case__259: case__24
datapath__47: datapath__47
logic__168: logic__168
datapath__401: datapath__36
datapath__253: datapath__32
datapath__174: datapath__174
logic__225: logic__225
logic__577: logic__577
case__216: case__19
datapath__330: datapath__35
case__120: case__31
reg__21: reg__21
logic__104: logic__104
mult_32_32_32__22: mult_32_32_32
logic__3: logic__3
datapath__439: datapath__28
logic__747: logic__101
reg__234: reg__28
logic__253: logic__253
datapath__390: datapath__31
datapath__190: datapath__190
case__77: case__77
datapath__381: datapath__32
logic__153: logic__153
datapath__123: datapath__123
datapath__410: datapath__27
case__205: case__5
case__5: case__5
logic__670: logic__167
case__20: case__20
logic__873: logic__75
datapath__342: datapath__31
logic__2: logic__2
mult_32_32_32__38: mult_32_32_32
logic__663: logic__149
rom__14: rom__14
logic__818: logic__135
case__147: case__32
datapath__23: datapath__23
datapath__421: datapath__16
case__229: case__5
reg__95: reg__95
logic__419: logic__419
datapath__442: datapath__25
logic__516: logic__516
logic__298: logic__298
datapath__81: datapath__81
reg__109: reg__33
datapath__494: datapath__18
logic__76: logic__76
logic__222: logic__222
logic__591: logic__149
datapath__228: datapath__228
logic__768: logic__117
case__63: case__63
dsp48e1__30: dsp48e1__30
case__50: case__50
case__260: case__23
datapath__233: datapath__233
case__60: case__60
logic__759: logic__77
datapath__259: datapath__34
logic__118: logic__118
case__308: case__23
rom__11: rom__11
logic__707: logic__134
datapath__185: datapath__185
datapath__412: datapath__25
logic__231: logic__231
logic__616: logic__167
case__291: case__16
datapath__422: datapath__30
moverModule__5: moverModule
datapath__368: datapath__37
datapath__19: datapath__19
case__42: case__42
reg__103: reg__34
datapath__45: datapath__45
logic__54: logic__54
datapath__147: datapath__147
counter__17: counter__4
datapath__8: datapath__8
logic__295: logic__295
case__9: case__9
case__290: case__17
logic__815: logic__77
datapath__385: datapath__36
logic__659: logic__166
case__317: case__14
reg__233: reg__29
datapath__245: datapath__245
datapath__377: datapath__36
case__93: case__93
muxpart__6: muxpart__6
dsp48e1__31: dsp48e1__31
muxpart__24: muxpart__8
rom__28: rom__28
datapath__26: datapath__26
case__149: case__30
logic__56: logic__56
logic__601: logic__153
logic__262: logic__262
dsp48e1__42: dsp48e1__42
logic__300: logic__300
case__111: case__32
logic__316: logic__316
dsp48e1__2: dsp48e1__2
reg__213: reg__28
logic__642: logic__154
logic__827: logic__105
logic__840: logic__82
datapath__262: datapath__31
reg__85: reg__85
datapath__104: datapath__104
logic__719: logic__101
logic__819: logic__134
case__316: case__15
muxpart__3: muxpart__3
datapath__198: datapath__198
case__89: case__89
case__74: case__74
case__109: case__30
mult_32_32_32__41: mult_32_32_32
reg__163: reg__34
case__17: case__17
reg__236: reg__26
datapath__423: datapath__29
datapath__326: datapath__31
logic__668: logic__152
dsp48e1__40: dsp48e1__40
logic__845: logic__75
case__265: case__18
datapath__358: datapath__31
logic__623: logic__166
case__29: case__29
reg__194: reg__33
reg__124: reg__33
logic__465: logic__465
reg__201: reg__26
datapath__44: datapath__44
logic__495: logic__495
rom__18: rom__18
reg__74: reg__74
logic__735: logic__134
logic__728: logic__82
datapath__214: datapath__214
logic__102: logic__102
dsp48e1__1: dsp48e1__1
case__238: case__21
allMover: allMover
datapath__270: datapath__31
mult_32_32_32__20: mult_32_32_32
logic__80: logic__80
datapath__172: datapath__172
rom__7: rom__7
case__231: case__28
datapath__303: datapath__38
logic__754: logic__88
case__162: case__29
datapath__280: datapath__37
logic__645: logic__149
logic__746: logic__102
logic__832: logic__96
logic__309: logic__309
case__256: case__27
case__130: case__29
datapath__224: datapath__224
datapath__189: datapath__189
case__59: case__59
mult_32_32_32__37: mult_32_32_32
datapath__314: datapath__35
datapath__261: datapath__32
datapath__138: datapath__138
reg__49: reg__49
datapath__122: datapath__122
case__266: case__17
datapath__31: datapath__31
datapath__476: datapath__21
case__106: case__29
case__172: case__31
reg__191: reg__36
case__79: case__79
datapath__321: datapath__36
datapath__492: datapath__20
logic__662: logic__152
datapath__317: datapath__32
reg__89: reg__89
logic__90: logic__90
case__88: case__88
logic__814: logic__80
datapath__251: datapath__34
case__155: case__32
datapath__324: datapath__33
reg__227: reg__28
reg__211: reg__30
logic__244: logic__244
datapath__310: datapath__31
datapath__256: datapath__37
datapath__229: datapath__229
rom__37: rom__37
datapath__83: datapath__83
logic__685: logic__153
reg__177: reg__35
datapath__456: datapath__26
logic__293: logic__293
logic__777: logic__95
logic__83: logic__83
datapath__388: datapath__33
logic__679: logic__153
logic__635: logic__166
datapath__85: datapath__85
mult_32_32_32__8: mult_32_32_32
logic__11: logic__11
datapath__464: datapath__18
logic__795: logic__118
datapath__244: datapath__244
datapath__29: datapath__29
case__300: case__6
datapath__170: datapath__170
logic__585: logic__585
datapath__73: datapath__73
case__281: case__26
muxpart__18: muxpart__8
datapath__453: datapath__29
case__87: case__87
case__36: case__36
logic__702: logic__154
logic__790: logic__135
logic__627: logic__149
reg__167: reg__35
reg__61: reg__61
logic__594: logic__154
case__57: case__57
datapath__166: datapath__166
rom__10: rom__10
moverModule__1: moverModule
reg__12: reg__12
case__302: case__3
case__324: case__6
datapath__101: datapath__101
mult_32_32_32__29: mult_32_32_32
datapath__483: datapath__29
logic__82: logic__82
case__176: case__31
logic__724: logic__90
reg__84: reg__84
datapath__246: datapath__246
case__70: case__70
datapath__12: datapath__12
datapath__353: datapath__36
datapath__58: datapath__58
case__21: case__21
datapath__89: datapath__89
logic__597: logic__149
datapath__288: datapath__37
datapath__255: datapath__38
case__35: case__35
rom__38: rom__38
datapath__192: datapath__192
reg__96: reg__36
case__43: case__43
logic__166: logic__166
datapath__488: datapath__24
logic__743: logic__105
logic__676: logic__167
rom__36: rom__36
case__114: case__29
logic__81: logic__81
case__18: case__18
logic__658: logic__167
dsp48e1__27: dsp48e1__27
rom__19: rom__19
mult_32_32_32__17: mult_32_32_32
case__156: case__31
reg__132: reg__35
logic__698: logic__152
datapath__357: datapath__32
datapath__152: datapath__152
case__199: case__12
case__321: case__10
datapath__56: datapath__56
reg__209: reg__25
logic__786: logic__80
mult_32_32_32__14: mult_32_32_32
logic__71: logic__71
datapath__17: datapath__17
datapath__25: datapath__25
datapath__263: datapath__38
logic__320: logic__320
datapath__6: datapath__6
reg__56: reg__56
datapath__145: datapath__145
reg__26: reg__26
datapath__393: datapath__36
logic__637: logic__153
case__221: case__14
reg__171: reg__36
logic__710: logic__126
reg__53: reg__53
case__56: case__56
case__202: case__9
case__40: case__40
case__145: case__30
case__92: case__92
reg__207: reg__27
logic__720: logic__96
datapath__218: datapath__218
case__146: case__29
datapath__133: datapath__133
case__248: case__11
datapath__325: datapath__32
logic__229: logic__229
datapath__96: datapath__96
case__270: case__13
logic__609: logic__149
reg__32: reg__32
muxpart__5: muxpart__5
reg__133: reg__34
reg__118: reg__34
datapath__153: datapath__153
datapath__257: datapath__36
logic__570: logic__570
reg__43: reg__43
datapath__455: datapath__27
case__286: case__21
logic__38: logic__38
datapath__495: datapath__17
logic__646: logic__167
case__160: case__31
reg__140: reg__32
reg__1: reg__1
datapath__160: datapath__160
mult_32_32_32__19: mult_32_32_32
logic__835: logic__91
logic__861: logic__95
case__26: case__26
logic__729: logic__81
logic__798: logic__110
logic__708: logic__128
case__245: case__14
logic__493: logic__493
case__81: case__81
logic__349: logic__349
datapath__465: datapath__17
reg__51: reg__51
case__269: case__14
mult_32_32_32__30: mult_32_32_32
datapath__33: datapath__33
logic__503: logic__503
reg__4: reg__4
case__298: case__9
logic__808: logic__90
logic__791: logic__134
reg__176: reg__36
datapath__225: datapath__225
logic__212: logic__212
reg__190: reg__32
counter__14: counter__3
datapath__3: datapath__3
datapath__109: datapath__109
pix_gen_menu: pix_gen_menu
logic__256: logic__256
reg__99: reg__33
case__51: case__51
reg__196: reg__31
case__125: case__30
rom__5: rom__5
datapath__92: datapath__92
logic__24: logic__24
logic__228: logic__228
datapath__148: datapath__148
datapath__438: datapath__29
datapath__477: datapath__20
reg__153: reg__34
dsp48e1__20: dsp48e1__20
reg__98: reg__34
case__320: case__11
datapath__268: datapath__33
logic__589: logic__153
datapath__167: datapath__167
datapath__51: datapath__51
case__192: case__19
reg__189: reg__33
case__251: case__7
reg__57: reg__57
datapath__372: datapath__33
datapath__364: datapath__33
logic__712: logic__117
logic__290: logic__290
logic__789: logic__75
case__154: case__29
case__278: case__3
reg__114: reg__33
case__201: case__10
datapath__240: datapath__240
reg__66: reg__66
case__182: case__29
logic__838: logic__88
logic__111: logic__111
logic__781: logic__89
logic__737: logic__127
datapath__404: datapath__33
logic__629: logic__166
logic__693: logic__149
datapath__222: datapath__222
datapath__134: datapath__134
mult_32_32_32__36: mult_32_32_32
case__226: case__9
reg__228: reg__27
logic__673: logic__153
rom__23: rom__23
case__31: case__31
logic__674: logic__152
datapath__379: datapath__34
reg__111: reg__36
datapath__209: datapath__209
logic__286: logic__286
mult_32_32_32__33: mult_32_32_32
logic__117: logic__117
logic__128: logic__128
datapath__338: datapath__35
case__309: case__22
reg__58: reg__58
datapath__179: datapath__179
case__189: case__22
muxpart__7: muxpart__7
logic__592: logic__167
datapath__146: datapath__146
case__144: case__31
logic__799: logic__105
datapath__111: datapath__111
case__263: case__20
counter__10: counter__3
case__167: case__32
case__13: case__13
dsp48e1__6: dsp48e1__6
case__138: case__29
case__169: case__30
case__45: case__45
logic__697: logic__153
rom__17: rom__17
logic__321: logic__321
datapath__49: datapath__49
datapath__331: datapath__34
datapath__53: datapath__53
datapath__135: datapath__135
datapath__371: datapath__34
logic__753: logic__89
datapath__69: datapath__69
logic__742: logic__110
logic__305: logic__305
case__19: case__19
case__211: case__24
reg__221: reg__27
logic__654: logic__154
DigitToSeg: DigitToSeg
datapath__409: datapath__28
case__34: case__34
datapath__70: datapath__70
muxpart__28: muxpart__8
reg__174: reg__33
logic__610: logic__167
rom__2: rom__2
reg__70: reg__70
reg__62: reg__62
logic__767: logic__118
datapath__247: datapath__38
datapath__359: datapath__38
logic__660: logic__154
datapath__335: datapath__38
reg__186: reg__36
logic__730: logic__80
case__177: case__30
datapath__285: datapath__32
logic__303: logic__303
case__67: case__67
case__128: case__31
logic__865: logic__89
logic__494: logic__494
logic__280: logic__280
datapath__63: datapath__63
datapath__48: datapath__48
logic__688: logic__167
reg__157: reg__35
datapath__206: datapath__206
datapath__370: datapath__35
logic__442: logic__442
case__153: case__30
logic__772: logic__104
logic__788: logic__76
logic__870: logic__80
mult_32_32_32__15: mult_32_32_32
reg__19: reg__19
case__115: case__32
datapath__112: datapath__112
rom__12: rom__12
case__188: case__23
reg__215: reg__26
datapath__157: datapath__157
datapath__424: datapath__28
reg__101: reg__36
datapath__340: datapath__33
datapath__74: datapath__74
case__73: case__73
datapath__265: datapath__36
moverModule__2: moverModule
logic__348: logic__348
reg__218: reg__30
datapath__352: datapath__37
muxpart__10: muxpart__10
datapath__448: datapath__19
reg__131: reg__36
rom__15: rom__15
logic__605: logic__166
logic__146: logic__146
datapath__165: datapath__165
logic__105: logic__105
cue_sprite: cue_sprite
muxpart__11: muxpart__11
datapath__432: datapath__20
datapath__378: datapath__35
datapath__27: datapath__27
collisionResolver__15: collisionResolver
dsp48e1__37: dsp48e1__37
datapath__287: datapath__38
datapath__475: datapath__22
datapath__59: datapath__59
reg__108: reg__34
logic__607: logic__153
reg__127: reg__35
rom: rom
case: case
logic__579: logic__579
datapath__302: datapath__31
logic__588: logic__154
logic__613: logic__153
logic__520: logic__520
case__246: case__13
counter__16: counter__3
datapath__322: datapath__35
case__168: case__31
logic__219: logic__219
logic__91: logic__91
case__44: case__44
logic__488: logic__488
dsp48e1__28: dsp48e1__28
reg__24: reg__24
datapath__405: datapath__32
logic__755: logic__83
logic__152: logic__152
case__234: case__25
datapath__186: datapath__186
reg__224: reg__31
logic__783: logic__83
case__158: case__29
datapath__227: datapath__227
reg: reg
logic__507: logic__507
case__239: case__20
case__311: case__20
reg__197: reg__30
datapath__235: datapath__235
dsp48e1__22: dsp48e1__22
logic__792: logic__128
counter__7: counter__4
case__223: case__12
case__322: case__9
collisionResolver__20: collisionResolver
datapath__487: datapath__25
case__124: case__31
reg__169: reg__33
rom__6: rom__6
reg__91: reg__91
case__273: case__10
reg__6: reg__6
datapath__126: datapath__126
mult_32_32_32__26: mult_32_32_32
case__161: case__30
datapath__411: datapath__26
logic__593: logic__166
logic__863: logic__91
logic__274: logic__274
case__76: case__76
dsp48e1__16: dsp48e1__16
datapath__471: datapath__26
datapath__402: datapath__35
datapath__318: datapath__31
reg__52: reg__52
logic__731: logic__77
case__71: case__71
datapath__95: datapath__95
datapath__79: datapath__79
reg__198: reg__29
case__255: case__28
logic__603: logic__149
datapath__32: datapath__32
logic__773: logic__103
logic__644: logic__152
dsp48e1__18: dsp48e1__18
case__305: case__26
logic__126: logic__126
reg__126: reg__36
logic__684: logic__154
case__52: case__52
case__171: case__32
logic__66: logic__66
logic__373: logic__373
case__10: case__10
case__99: case__99
case__207: case__28
datapath__236: datapath__236
reg__25: reg__25
logic__619: logic__153
datapath__4: datapath__4
logic__739: logic__118
case__133: case__30
case__68: case__68
case__173: case__30
datapath__156: datapath__156
mult_32_32_32__25: mult_32_32_32
reg__7: reg__7
datapath__177: datapath__177
logic__297: logic__297
datapath__391: datapath__38
datapath__394: datapath__35
reg__41: reg__41
datapath__289: datapath__36
logic__602: logic__152
logic__756: logic__82
logic__766: logic__126
case__61: case__61
case__164: case__31
case__326: case__3
reg__162: reg__35
datapath__188: datapath__188
dsp48e1__19: dsp48e1__19
mult_32_32_32__4: mult_32_32_32
case__210: case__25
case__200: case__11
logic__842: logic__80
logic__306: logic__306
reg__100: reg__32
datapath__201: datapath__201
case__72: case__72
logic__656: logic__152
reg__149: reg__33
datapath__61: datapath__61
muxpart__27: muxpart__7
logic__671: logic__166
mult_32_32_32__2: mult_32_32_32
reg__3: reg__3
logic__524: logic__524
case__159: case__32
muxpart__21: muxpart__7
datapath__306: datapath__35
reg__33: reg__33
case__198: case__13
case__240: case__19
datapath__84: datapath__84
logic__762: logic__135
logic__643: logic__153
datapath__54: datapath__54
datapath__454: datapath__28
reg__39: reg__39
reg__173: reg__34
reg__14: reg__14
logic__833: logic__95
rom__30: rom__30
muxpart__26: muxpart__8
reg__193: reg__34
logic__649: logic__153
logic__716: logic__104
logic__249: logic__249
logic__787: logic__77
logic__196: logic__196
reg__166: reg__36
case__303: case__28
datapath__155: datapath__155
logic__620: logic__152
reg__214: reg__27
reg__195: reg__32
reg__79: reg__79
datapath__193: datapath__193
datapath__414: datapath__23
datapath__107: datapath__107
rom__9: rom__9
logic__823: logic__118
datapath__199: datapath__199
datapath__349: datapath__32
logic__703: logic__153
counter__4: counter__4
rom__8: rom__8
logic__346: logic__346
case__306: case__25
reg__144: reg__33
datapath__452: datapath__30
case__16: case__16
reg__232: reg__30
case__276: case__6
case__232: case__27
case__181: case__30
datapath__110: datapath__110
logic__810: logic__88
reg__13: reg__13
datapath__316: datapath__33
rom__3: rom__3
reg__63: reg__63
datapath__22: datapath__22
case__7: case__7
datapath__491: datapath__21
muxpart__25: muxpart__7
logic__854: logic__110
datapath__65: datapath__65
datapath__286: datapath__31
datapath__444: datapath__23
datapath__356: datapath__33
reg__20: reg__20
reg__188: reg__34
logic__774: logic__102
case__116: case__31
rom__26: rom__26
counter__12: counter__3
datapath__470: datapath__27
logic__725: logic__89
reg__83: reg__83
logic__595: logic__153
datapath__450: datapath__17
logic__289: logic__289
case__104: case__31
reg__146: reg__36
datapath__426: datapath__26
datapath__154: datapath__154
datapath__292: datapath__33
datapath__24: datapath__24
reg__117: reg__35
rom__20: rom__20
datapath__125: datapath__125
case__237: case__22
case__190: case__21
case__196: case__15
logic__606: logic__154
logic__761: logic__75
reg__225: reg__30
datapath__399: datapath__38
datapath__127: datapath__127
logic__77: logic__77
case__253: case__5
logic__618: logic__154
case__118: case__29
datapath__277: datapath__32
datapath__449: datapath__18
case__11: case__11
datapath__407: datapath__30
datapath__168: datapath__168
logic__215: logic__215
reg__16: reg__16
reg__130: reg__32
case__24: case__24
logic__784: logic__82
reg__154: reg__33
datapath__392: datapath__37
logic__624: logic__154
logic__705: logic__149
logic__852: logic__117
logic__135: logic__135
logic__291: logic__291
logic__834: logic__94
datapath__178: datapath__178
logic__803: logic__101
case__212: case__23
reg__87: reg__87
datapath__323: datapath__34
logic__292: logic__292
reg__185: reg__32
case__30: case__30
reg__150: reg__32
case__268: case__15
case__191: case__20
datapath__361: datapath__36
datapath__151: datapath__151
logic__776: logic__96
datapath__398: datapath__31
counter__6: counter__6
datapath__103: datapath__103
mult_32_32_32__32: mult_32_32_32
case__261: case__22
case__122: case__29
datapath__50: datapath__50
dsp48e1__11: dsp48e1__11
logic__758: logic__80
datapath__315: datapath__34
datapath__137: datapath__137
datapath__480: datapath__17
datapath__418: datapath__19
reg__27: reg__27
datapath__298: datapath__35
datapath__334: datapath__31
datapath__191: datapath__191
reg__106: reg__36
datapath__446: datapath__21
datapath__400: datapath__37
case__135: case__32
case__213: case__22
logic__652: logic__167
case__83: case__83
datapath__345: datapath__36
datapath__108: datapath__108
case__295: case__12
mult_32_32_32__11: mult_32_32_32
collisionResolver__6: collisionResolver
logic__143: logic__143
dsp48e1__10: dsp48e1__10
reg__210: reg__31
counter__15: counter__4
reg__22: reg__22
case__121: case__30
logic__764: logic__128
reg__94: reg__94
logic__88: logic__88
reg__112: reg__35
logic__782: logic__88
logic__632: logic__152
datapath__252: datapath__33
datapath__408: datapath__29
datapath__150: datapath__150
reg__35: reg__35
datapath__296: datapath__37
h_counter: h_counter
logic__846: logic__135
logic__258: logic__258
logic__704: logic__152
rom__25: rom__25
datapath__102: datapath__102
logic__683: logic__166
datapath__241: datapath__241
datapath__373: datapath__32
logic__301: logic__301
logic__686: logic__152
logic__778: logic__94
case__41: case__41
datapath__360: datapath__37
logic__294: logic__294
datapath__460: datapath__22
datapath__420: datapath__17
case__292: case__15
datapath__249: datapath__36
case__137: case__30
muxpart__14: muxpart__14
case__112: case__31
counter__1: counter__1
logic__690: logic__154
case__304: case__27
datapath__308: datapath__33
logic__134: logic__134
case__123: case__32
logic__32: logic__32
datapath__52: datapath__52
datapath__461: datapath__21
logic__61: logic__61
case__284: case__23
logic__669: logic__149
logic__101: logic__101
logic__308: logic__308
datapath__202: datapath__202
reg__93: reg__93
datapath__208: datapath__208
datapath__43: datapath__43
logic__734: logic__135
case__313: case__18
datapath__419: datapath__18
reg__55: reg__55
datapath__237: datapath__237
logic__661: logic__153
case__195: case__16
logic__586: logic__167
logic__596: logic__152
logic__680: logic__152
logic__41: logic__41
logic__211: logic__211
datapath__346: datapath__35
case__142: case__29
collisionResolver__16: collisionResolver
muxpart__9: muxpart__9
datapath__180: datapath__180
logic__43: logic__43
logic__287: logic__287
datapath__482: datapath__30
case__110: case__29
logic__218: logic__218
reg__237: reg__25
mult_32_32_32__21: mult_32_32_32
muxpart__19: muxpart__7
mult_32_32_32: mult_32_32_32
vga_sync: vga_sync
case__2: case__2
reg__123: reg__34
datapath__176: datapath__176
display__GB1: display__GB1
case__288: case__19
reg__183: reg__34
reg__76: reg__76
muxpart__16: muxpart__16
logic__793: logic__127
case__126: case__29
collisionResolver: collisionResolver
datapath__212: datapath__212
dsp48e1__15: dsp48e1__15
datapath__496: datapath__16
datapath__366: datapath__31
reg__116: reg__36
logic__304: logic__304
datapath__354: datapath__35
case__228: case__6
moverModule: moverModule
logic__226: logic__226
reg__152: reg__35
case__258: case__25
dsp48e1__34: dsp48e1__34
logic__299: logic__299
case__54: case__54
logic__732: logic__76
datapath__149: datapath__149
logic__700: logic__167
reg__142: reg__35
case__108: case__31
datapath__128: datapath__128
collisionResolver__2: collisionResolver
case__299: case__7
reg__23: reg__23
datapath__97: datapath__97
collisionResolver__7: collisionResolver
datapath__183: datapath__183
mult_32_32_32__12: mult_32_32_32
collisionResolver__10: collisionResolver
logic__796: logic__117
datapath__365: datapath__32
reg__141: reg__36
datapath__344: datapath__37
logic__687: logic__149
datapath__319: datapath__38
counter__8: counter__3
logic__655: logic__153
datapath__451: datapath__16
datapath__2: datapath__2
datapath__355: datapath__34
logic__230: logic__230
case__301: case__5
reg__226: reg__29
dsp48e1__33: dsp48e1__33
reg__40: reg__40
muxpart__4: muxpart__4
logic__532: logic__532
datapath__215: datapath__215
allCollider: allCollider
mult_32_32_32__16: mult_32_32_32
reg__156: reg__36
reg__80: reg__80
logic__640: logic__167
datapath__217: datapath__217
logic__26: logic__26
reg__181: reg__36
reg__187: reg__35
logic__745: logic__103
reg__110: reg__32
reg__165: reg__32
logic__581: logic__581
logic__733: logic__75
datapath__226: datapath__226
datapath__106: datapath__106
logic__508: logic__508
datapath__197: datapath__197
datapath__169: datapath__169
datapath__295: datapath__38
case__296: case__11
case__241: case__18
datapath__139: datapath__139
case__62: case__62
reg__147: reg__35
case__53: case__53
logic__39: logic__39
muxpart__12: muxpart__12
case__219: case__16
reg__8: reg__8
case__37: case__37
case__75: case__75
logic__709: logic__127
reg__67: reg__67
logic__750: logic__94
case__194: case__17
case__175: case__32
collisionResolver__9: collisionResolver
reg__28: reg__28
case__64: case__64
reg__155: reg__32
logic__110: logic__110
logic__757: logic__81
pix_gen_win: pix_gen_win
datapath__333: datapath__32
case__227: case__7
case__132: case__31
datapath__142: datapath__142
dsp48e1__7: dsp48e1__7
reg__168: reg__34
reg__148: reg__34
datapath__90: datapath__90
reg__102: reg__35
datapath__91: datapath__91
reg__219: reg__29
reg__212: reg__29
reg__15: reg__15
datapath__87: datapath__87
logic__657: logic__149
reg__10: reg__10
pix_gen_pool_2: pix_gen_pool_2
logic__769: logic__111
logic__53: logic__53
datapath__469: datapath__28
case__98: case__98
dsp48e1__38: dsp48e1__38
reg__104: reg__33
logic__21: logic__21
datapath__76: datapath__76
logic__723: logic__91
reg__203: reg__31
logic__797: logic__111
datapath__363: datapath__34
logic__347: logic__347
logic__699: logic__149
logic__600: logic__154
case__289: case__18
datapath__336: datapath__37
collisionResolver__8: collisionResolver
case__315: case__16
datapath__42: datapath__42
logic__868: logic__82
reg__115: reg__32
logic__310: logic__310
datapath__337: datapath__36
logic__717: logic__103
logic__621: logic__149
case__141: case__30
logic__872: logic__76
datapath__273: datapath__36
case__33: case__33
logic__52: logic__52
logic__241: logic__241
datapath__248: datapath__37
datapath__300: datapath__33
case__90: case__90
reg__82: reg__82
datapath__140: datapath__140
mult_32_32_32__9: mult_32_32_32
display__GB2: display__GB2
dsp48e1__25: dsp48e1__25
datapath__250: datapath__35
logic__857: logic__103
datapath__275: datapath__34
reg__158: reg__34
rom__16: rom__16
datapath__375: datapath__38
reg__120: reg__32
case__58: case__58
datapath__115: datapath__115
muxpart__22: muxpart__8
datapath__440: datapath__27
datapath__406: datapath__31
logic__651: logic__149
case__218: case__17
reg__97: reg__35
case__208: case__27
logic__611: logic__166
case__101: case__101
muxpart: muxpart
logic__40: logic__40
reg__229: reg__26
logic__843: logic__77
datapath__472: datapath__25
collisionResolver__18: collisionResolver
datapath__15: datapath__15
case__264: case__19
reg__60: reg__60
logic__615: logic__149
datapath__478: datapath__19
datapath__181: datapath__181
datapath__194: datapath__194
datapath__443: datapath__24
reg__184: reg__33
logic__45: logic__45
reg__81: reg__81
reg__205: reg__29
case__185: case__26
logic__103: logic__103
datapath__290: datapath__35
datapath__207: datapath__207
datapath__119: datapath__119
datapath__278: datapath__31
datapath__196: datapath__196
reg__204: reg__30
logic__95: logic__95
logic__154: logic__154
reg__29: reg__29
collisionResolver__14: collisionResolver
reg__73: reg__73
reg__220: reg__28
logic__822: logic__126
case__242: case__17
reg__36: reg__36
reg__37: reg__37
reg__30: reg__30
case__107: case__32
case__224: case__11
datapath__93: datapath__93
reg__235: reg__27
reg__179: reg__33
logic__855: logic__105
case__103: case__32
datapath__395: datapath__34
logic__180: logic__180
logic__27: logic__27
reg__105: reg__32
case__100: case__100
reg__38: reg__38
datapath__77: datapath__77
display__GB0: display__GB0
datapath__175: datapath__175
logic__243: logic__243
datapath__80: datapath__80
case__314: case__17
case__279: case__28
case__214: case__21
case__129: case__30
datapath__131: datapath__131
case__78: case__78
logic__127: logic__127
datapath__457: datapath__25
logic__859: logic__101
logic__223: logic__223
logic__7: logic__7
mult_32_32_32__6: mult_32_32_32
logic__647: logic__166
datapath__120: datapath__120
logic__650: logic__152
reg__137: reg__35
mult_32_32_32__10: mult_32_32_32
logic__23: logic__23
logic__829: logic__103
logic__727: logic__83
logic__665: logic__166
datapath__279: datapath__38
datapath__459: datapath__23
datapath__384: datapath__37
case__244: case__15
reg__46: reg__46
datapath__429: datapath__23
reg__139: reg__33
case__23: case__23
logic__692: logic__152
reg__217: reg__31
reg__90: reg__90
datapath__479: datapath__18
datapath__307: datapath__34
datapath__14: datapath__14
logic__569: logic__569
datapath__396: datapath__33
datapath__220: datapath__220
datapath__200: datapath__200
datapath__369: datapath__36
logic__221: logic__221
logic__248: logic__248
logic__666: logic__154
logic__689: logic__166
datapath__204: datapath__204
datapath__329: datapath__36
muxpart__17: muxpart__17
datapath__68: datapath__68
case__170: case__29
datapath__11: datapath__11
datapath__82: datapath__82
datapath__413: datapath__24
logic__322: logic__322
datapath__141: datapath__141
datapath__382: datapath__31
datapath__121: datapath__121
logic__675: logic__149
case__55: case__55
rom__35: rom__35
datapath__339: datapath__34
case__143: case__32
case__136: case__31
logic__580: logic__580
case__271: case__12
case__6: case__6
reg__45: reg__45
reg__64: reg__64
datapath__195: datapath__195
logic__816: logic__76
datapath__445: datapath__22
case__319: case__12
case__272: case__11
logic__296: logic__296
logic__807: logic__91
collisionResolver__5: collisionResolver
logic__396: logic__396
case__47: case__47
datapath__99: datapath__99
logic__775: logic__101
datapath__34: datapath__34
logic__311: logic__311
mult_32_32_32__1: mult_32_32_32
mult_32_32_32__23: mult_32_32_32
logic__706: logic__135
reg__121: reg__36
logic__37: logic__37
collisionResolver__12: collisionResolver
case__28: case__28
rom__13: rom__13
case__69: case__69
logic__682: logic__167
datapath__486: datapath__26
reg__18: reg__18
dsp48e1__35: dsp48e1__35
decoder_3_8: decoder_3_8
logic__57: logic__57
case__277: case__5
datapath__374: datapath__31
logic__780: logic__90
datapath__294: datapath__31
rom__21: rom__21
datapath__159: datapath__159
logic__844: logic__76
logic__813: logic__81
case__174: case__29
datapath__75: datapath__75
logic__800: logic__104
logic__770: logic__110
logic__738: logic__126
logic__631: logic__153
reg__42: reg__42
datapath__383: datapath__38
mult_32_32_32__3: mult_32_32_32
datapath__386: datapath__35
case__131: case__32
logic__714: logic__110
mult_32_32_32__35: mult_32_32_32
collisionResolver__19: collisionResolver
datapath__36: datapath__36
mult_32_32_32__13: mult_32_32_32
counter3bit: counter3bit
reg__77: reg__77
datapath__299: datapath__34
logic__830: logic__102
logic__862: logic__94
datapath__266: datapath__35
case__82: case__82
counter__9: counter__4
datapath__281: datapath__36
xadc_wiz_0: xadc_wiz_0
reg__128: reg__34
case__84: case__84
datapath__367: datapath__38
logic__864: logic__90
logic__628: logic__167
datapath__466: datapath__16
datapath__9: datapath__9
case__215: case__20
case__46: case__46
datapath__67: datapath__67
dsp48e1__5: dsp48e1__5
logic__246: logic__246
case__325: case__5
case__152: case__31
reg__75: reg__75
case__217: case__18
datapath__254: datapath__31
reg__69: reg__69
counter: counter
logic__598: logic__167
logic__691: logic__153
case__178: case__29
logic__604: logic__167
case__3: case__3
datapath__5: datapath__5
datapath__171: datapath__171
dsp48e1__9: dsp48e1__9
reg__78: reg__78
datapath__86: datapath__86
datapath__468: datapath__29
reg__178: reg__34
datapath__433: datapath__19
logic__587: logic__166
dsp48e1__3: dsp48e1__3
datapath__161: datapath__161
case__243: case__16
muxpart__29: muxpart__7
logic__307: logic__307
dsp48e1: dsp48e1
logic__805: logic__95
case__148: case__31
dsp48e1__32: dsp48e1__32
datapath__274: datapath__35
mult_32_32_32__31: mult_32_32_32
case__140: case__31
logic__217: logic__217
reg__68: reg__68
datapath__35: datapath__35
datapath__232: datapath__232
datapath__380: datapath__33
logic__528: logic__528
case__257: case__26
datapath__283: datapath__34
case__91: case__91
logic__718: logic__102
mult_32_32_32__24: mult_32_32_32
dsp48e1__14: dsp48e1__14
datapath__203: datapath__203
dsp48e1__17: dsp48e1__17
datapath__18: datapath__18
datapath__301: datapath__32
logic__323: logic__323
reg__2: reg__2
reg__88: reg__88
logic__617: logic__166
datapath__158: datapath__158
datapath__276: datapath__33
datapath__16: datapath__16
case__252: case__6
case__209: case__26
dsp48e1__8: dsp48e1__8
datapath__64: datapath__64
collisionResolver__11: collisionResolver
reg__199: reg__28
logic__350: logic__350
rom__1: rom__1
case__163: case__32
datapath__474: datapath__23
datapath__242: datapath__242
datapath__291: datapath__34
case__38: case__38
dsp48e1__29: dsp48e1__29
logic__149: logic__149
reg__59: reg__59
logic__590: logic__152
muxpart__15: muxpart__15
datapath__136: datapath__136
logic__809: logic__89
counter__11: counter__4
rom__34: rom__34
datapath__297: datapath__36
datapath__210: datapath__210
rom__31: rom__31
counter__18: counter__3
datapath__293: datapath__32
logic__696: logic__154
datapath__282: datapath__35
logic__779: logic__91
case__97: case__97
reg__206: reg__28
reg__145: reg__32
case__32: case__32
datapath__30: datapath__30
reg__9: reg__9
reg__48: reg__48
case__27: case__27
mult_32_32_32__40: mult_32_32_32
datapath__173: datapath__173
logic__701: logic__166
datapath__219: datapath__219
logic__722: logic__94
v_counter: v_counter
datapath__10: datapath__10
logic__261: logic__261
rom__24: rom__24
case__95: case__95
logic__312: logic__312
datapath__272: datapath__37
logic__821: logic__127
reg__17: reg__17
datapath__258: datapath__35
mult_32_32_32__18: mult_32_32_32
logic__828: logic__104
logic__625: logic__153
collisionResolver__3: collisionResolver
datapath__72: datapath__72
logic__8: logic__8
logic__202: logic__202
reg__208: reg__26
dsp48e1__39: dsp48e1__39
datapath__304: datapath__37
XADCdemo: XADCdemo
reg__135: reg__32
case__22: case__22
logic__836: logic__90
moverModule__6: moverModule
case__15: case__15
datapath__312: datapath__37
logic__42: logic__42
datapath__162: datapath__162
logic__713: logic__111
reg__72: reg__72
case__294: case__13
case__197: case__14
datapath__163: datapath__163
muxpart__8: muxpart__8
datapath__187: datapath__187
case__14: case__14
case__318: case__13
case__85: case__85
datapath__397: datapath__32
reg__107: reg__35
logic__288: logic__288
datapath__117: datapath__117
reg__164: reg__33
datapath__425: datapath__27
datapath__184: datapath__184
datapath__113: datapath__113
muxpart__20: muxpart__8
reg__134: reg__33
case__204: case__6
datapath__441: datapath__26
logic__499: logic__499
datapath__341: datapath__32
logic__48: logic__48
logic__242: logic__242
case__236: case__23
case__287: case__20
logic__302: logic__302
logic__614: logic__152
case__184: case__27
datapath__305: datapath__36
reg__125: reg__32
mult_32_32_32__7: mult_32_32_32
case__157: case__30
reg__44: reg__44
datapath__1: datapath__1
logic__804: logic__96
reg__192: reg__35
reg__161: reg__36
logic__856: logic__104
case__230: case__3
datapath__343: datapath__38
logic__847: logic__134
logic__31: logic__31
case__151: case__32
datapath__350: datapath__31
datapath__313: datapath__36
case__220: case__15
logic__752: logic__90
case__254: case__3
datapath__28: datapath__28
case__139: case__32
reg__159: reg__33
logic__247: logic__247
case__280: case__27
collisionResolver__1: collisionResolver
datapath__332: datapath__33
datapath__231: datapath__231
logic__785: logic__81
case__117: case__30
logic__4: logic__4
logic__763: logic__134
datapath__124: datapath__124
reg__47: reg__47
datapath__144: datapath__144
case__307: case__24
datapath__467: datapath__30
datapath__213: datapath__213
logic__736: logic__128
logic__224: logic__224
case__25: case__25
reg__160: reg__32
logic__213: logic__213
mult_32_32_32__27: mult_32_32_32
logic__849: logic__127
logic__694: logic__167
datapath__41: datapath__41
logic__744: logic__104
case__86: case__86
datapath__376: datapath__37
logic__677: logic__166
logic__351: logic__351
datapath__94: datapath__94
datapath__78: datapath__78
reg__86: reg__86
reg__180: reg__32
datapath__55: datapath__55
muxpart__1: muxpart__1
datapath__417: datapath__20
datapath__264: datapath__37
logic__841: logic__81
logic__866: logic__88
datapath__57: datapath__57
logic__75: logic__75
muxpart__13: muxpart__13
datapath__463: datapath__19
logic__96: logic__96
datapath__234: datapath__234
muxpart__23: muxpart__7
datapath__60: datapath__60
collisionResolver__4: collisionResolver
datapath__243: datapath__243
case__206: case__3
dsp48e1__26: dsp48e1__26
datapath__427: datapath__25
reg__216: reg__25
datapath__40: datapath__40
case__310: case__21
logic__749: logic__95
logic__167: logic__167
reg__65: reg__65
logic__806: logic__94
case__65: case__65
datapath__309: datapath__32
logic__576: logic__576
case__312: case__19
logic__771: logic__105
logic__174: logic__174
datapath__118: datapath__118
logic__608: logic__152
case__297: case__10
datapath__387: datapath__34
mux4_4bus: mux4_4bus
logic__89: logic__89
logic__851: logic__118
logic__817: logic__75
reg__231: reg__31
logic__715: logic__105
logic__801: logic__103
logic__867: logic__83
logic__636: logic__154
collisionResolver__17: collisionResolver
case__282: case__25
case__183: case__28
logic__214: logic__214
logic__653: logic__166
dsp48e1__23: dsp48e1__23
datapath__62: datapath__62
rom__32: rom__32
case__127: case__32
case__134: case__29
datapath__164: datapath__164
case__275: case__7
clk_div: clk_div
dsp48e1__41: dsp48e1__41
datapath__182: datapath__182
logic__672: logic__154
dsp48e1__13: dsp48e1__13
logic__711: logic__118
logic__751: logic__91
logic__220: logic__220
datapath__205: datapath__205
datapath__481: datapath__16
datapath__490: datapath__22
reg__223: reg__25
logic__748: logic__96
datapath__114: datapath__114
datapath__71: datapath__71
case__150: case__29
case__193: case__18
logic__869: logic__81
logic__760: logic__76
logic__794: logic__126
logic__681: logic__149
logic__268: logic__268
datapath__436: datapath__16
rom__29: rom__29
logic__245: logic__245
datapath__434: datapath__18
datapath__351: datapath__38
datapath__216: datapath__216
datapath__348: datapath__33
reg__129: reg__33
datapath__403: datapath__34
logic__641: logic__166
logic__695: logic__166
datapath__362: datapath__35
case__222: case__13
datapath__416: datapath__21
reg__5: reg__5
case__285: case__22
logic__33: logic__33
datapath__100: datapath__100
mult_32_32_32__34: mult_32_32_32
case__235: case__24
datapath__223: datapath__223
datapath__129: datapath__129
case__186: case__25
logic__216: logic__216
logic__578: logic__578
reg__230: reg__25
logic__802: logic__102
datapath__435: datapath__17
rom__33: rom__33
case__119: case__32
counter__3: counter__3
case__12: case__12
reg__119: reg__33
datapath__39: datapath__39
datapath__269: datapath__32
datapath__238: datapath__238
dsp48e1__4: dsp48e1__4
logic__826: logic__110
